Archive member included because of file (symbol)

/home/sloped-soarer/eclipse_work/rfmodule/libopencm3/lib/libopencm3_stm32f1.a(rcc.o)
                              ./target/common/devo/power.o (rcc_wait_for_osc_ready)
/home/sloped-soarer/eclipse_work/rfmodule/libopencm3/lib/libopencm3_stm32f1.a(gpio.o)
                              ./target/unimod/channels.o (gpio_set_mode)
/home/sloped-soarer/eclipse_work/rfmodule/libopencm3/lib/libopencm3_stm32f1.a(usart.o)
                              ./target/unimod/unimod.o (usart_set_baudrate)
/home/sloped-soarer/eclipse_work/rfmodule/libopencm3/lib/libopencm3_stm32f1.a(spi.o)
                              ./target/unimod/unimod.o (spi_reset)
/home/sloped-soarer/eclipse_work/rfmodule/libopencm3/lib/libopencm3_stm32f1.a(flash.o)
                              /home/sloped-soarer/eclipse_work/rfmodule/libopencm3/lib/libopencm3_stm32f1.a(rcc.o) (flash_set_ws)
/home/sloped-soarer/eclipse_work/rfmodule/libopencm3/lib/libopencm3_stm32f1.a(rtc.o)
                              ./target/common/devo/clock.o (rtc_get_counter_val)
/home/sloped-soarer/eclipse_work/rfmodule/libopencm3/lib/libopencm3_stm32f1.a(exti.o)
                              ./target/common/devo/ppmin.o (exti_set_trigger)
/home/sloped-soarer/eclipse_work/rfmodule/libopencm3/lib/libopencm3_stm32f1.a(timer.o)
                              ./target/unimod/unimod.o (timer_reset)
/home/sloped-soarer/eclipse_work/rfmodule/libopencm3/lib/libopencm3_stm32f1.a(desig.o)
                              ./target/unimod/unimod.o (desig_get_unique_id)
/home/sloped-soarer/eclipse_work/rfmodule/libopencm3/lib/libopencm3_stm32f1.a(iwdg.o)
                              ./target/common/devo/clock.o (iwdg_start)
/home/sloped-soarer/eclipse_work/rfmodule/libopencm3/lib/libopencm3_stm32f1.a(gpio_common_all.o)
                              ./target/unimod/channels.o (gpio_set)
/home/sloped-soarer/eclipse_work/rfmodule/libopencm3/lib/libopencm3_stm32f1.a(vector.o)
                              (reset_handler)
/home/sloped-soarer/eclipse_work/rfmodule/libopencm3/lib/libopencm3_stm32f1.a(systick.o)
                              ./target/unimod/unimod.o (systick_set_reload)
/home/sloped-soarer/eclipse_work/rfmodule/libopencm3/lib/libopencm3_stm32f1.a(scb.o)
                              ./target/unimod/unimod.o (scb_set_priority_grouping)
/home/sloped-soarer/eclipse_work/rfmodule/libopencm3/lib/libopencm3_stm32f1.a(nvic.o)
                              ./target/unimod/unimod.o (nvic_enable_irq)
/home/sloped-soarer/eclipse_work/rfmodule/libopencm3/lib/libopencm3_stm32f1.a(assert.o)
                              /home/sloped-soarer/eclipse_work/rfmodule/libopencm3/lib/libopencm3_stm32f1.a(rcc.o) (cm3_assert_failed)
/usr/local/gcc-arm-none-eabi-4_7-2013q3/bin/../lib/gcc/arm-none-eabi/4.7.4/armv7-m/libgcc.a(_ashldi3.o)
                              ./protocol/protocol.o (__aeabi_llsl)
/usr/local/gcc-arm-none-eabi-4_7-2013q3/bin/../lib/gcc/arm-none-eabi/4.7.4/../../../../arm-none-eabi/lib/armv7-m/libc_s.a(lib_a-atoi.o)
                              ./target/common/devo/spi_proto.o (atoi)
/usr/local/gcc-arm-none-eabi-4_7-2013q3/bin/../lib/gcc/arm-none-eabi/4.7.4/../../../../arm-none-eabi/lib/armv7-m/libc_s.a(lib_a-memcmp.o)
                              ./target/unimod/unimod.o (memcmp)
/usr/local/gcc-arm-none-eabi-4_7-2013q3/bin/../lib/gcc/arm-none-eabi/4.7.4/../../../../arm-none-eabi/lib/armv7-m/libc_s.a(lib_a-memcpy.o)
                              ./target/common/devo/tx_misc.o (memcpy)
/usr/local/gcc-arm-none-eabi-4_7-2013q3/bin/../lib/gcc/arm-none-eabi/4.7.4/../../../../arm-none-eabi/lib/armv7-m/libc_s.a(lib_a-memset.o)
                              ./protocol/spi/cyrf6936.o (memset)
/usr/local/gcc-arm-none-eabi-4_7-2013q3/bin/../lib/gcc/arm-none-eabi/4.7.4/../../../../arm-none-eabi/lib/armv7-m/libc_s.a(lib_a-strcasecmp.o)
                              ./target/common/devo/spi_proto.o (strcasecmp)
/usr/local/gcc-arm-none-eabi-4_7-2013q3/bin/../lib/gcc/arm-none-eabi/4.7.4/../../../../arm-none-eabi/lib/armv7-m/libc_s.a(lib_a-strcpy.o)
                              ./telemetry.o (strcpy)
/usr/local/gcc-arm-none-eabi-4_7-2013q3/bin/../lib/gcc/arm-none-eabi/4.7.4/../../../../arm-none-eabi/lib/armv7-m/libc_s.a(lib_a-strtol.o)
                              /usr/local/gcc-arm-none-eabi-4_7-2013q3/bin/../lib/gcc/arm-none-eabi/4.7.4/../../../../arm-none-eabi/lib/armv7-m/libc_s.a(lib_a-atoi.o) (_strtol_r)
/usr/local/gcc-arm-none-eabi-4_7-2013q3/bin/../lib/gcc/arm-none-eabi/4.7.4/../../../../arm-none-eabi/lib/armv7-m/libc_s.a(lib_a-ctype_.o)
                              /usr/local/gcc-arm-none-eabi-4_7-2013q3/bin/../lib/gcc/arm-none-eabi/4.7.4/../../../../arm-none-eabi/lib/armv7-m/libc_s.a(lib_a-strcasecmp.o) (__ctype_ptr__)
/usr/local/gcc-arm-none-eabi-4_7-2013q3/bin/../lib/gcc/arm-none-eabi/4.7.4/../../../../arm-none-eabi/lib/armv7-m/libc_s.a(lib_a-impure.o)
[...]
Memory Configuration

Name             Origin             Length             Attributes
rom              0x08000000         0x00010000         xr
ram              0x20000000         0x00005000         xrw
*default*        0x00000000         0xffffffff

Linker script and memory map

LOAD /usr/local/gcc-arm-none-eabi-4_7-2013q3/bin/../lib/gcc/arm-none-eabi/4.7.4/../../../../arm-none-eabi/lib/armv7-m/libc_s.a
LOAD /usr/local/gcc-arm-none-eabi-4_7-2013q3/bin/../lib/gcc/arm-none-eabi/4.7.4/../../../../arm-none-eabi/lib/armv7-m/libnosys.a
LOAD ./target/unimod/channels.o
LOAD ./target/unimod/printf.o
LOAD ./target/unimod/unimod.o
LOAD ./target/common/devo/protocol/pwm.o
LOAD ./target/common/devo/clock.o
LOAD ./target/common/devo/power.o
LOAD ./target/common/devo/ppmin.o
LOAD ./target/common/devo/proto_stubs.o
LOAD ./target/common/devo/spi_proto.o
LOAD ./target/common/devo/tx_misc.o
LOAD ./target/common/devo/uart.o
LOAD ./protocol/spi/a7105.o
LOAD ./protocol/spi/avr_program.o
LOAD ./protocol/spi/cc2500.o
LOAD ./protocol/spi/cyrf6936.o
LOAD ./protocol/spi/nrf24l01.o
LOAD ./protocol/devo_cyrf6936.o
LOAD ./protocol/dsm2_cyrf6936.o
LOAD ./protocol/fbl100_nrf24l01_rick.o
LOAD ./protocol/flysky_a7105_rick.o
LOAD ./protocol/frsky1way_cc2500_rick.o
LOAD ./protocol/frsky2way_cc2500_rick.o
LOAD ./protocol/h377_nrf24l01.o
LOAD ./protocol/hisky_nrf24l01.o
LOAD ./protocol/hm830_nrf24l01.o
LOAD ./protocol/hubsan_a7105.o
LOAD ./protocol/j6pro_cyrf6936.o
LOAD ./protocol/mpx_serial.o
LOAD ./protocol/ppm_ic.o
LOAD ./protocol/ppmout.o
LOAD ./protocol/protocol.o
LOAD ./protocol/skyartec_cc2500.o
LOAD ./protocol/slt_nrf24l01.o
LOAD ./protocol/testrf.o
LOAD ./protocol/usbhid.o
LOAD ./protocol/v202_nrf24l01.o
LOAD ./protocol/wk2x01.o
LOAD ./protocol/yd717_nrf24l01.o
LOAD ./buttons.o
LOAD ./main.o
LOAD ./misc.o
LOAD ./mixer.o
LOAD ./music.o
LOAD ./telemetry.o
LOAD ./timer.o
LOAD /home/sloped-soarer/eclipse_work/rfmodule/libopencm3/lib/libopencm3_stm32f1.a
START GROUP
LOAD /usr/local/gcc-arm-none-eabi-4_7-2013q3/bin/../lib/gcc/arm-none-eabi/4.7.4/armv7-m/libgcc.a
LOAD /usr/local/gcc-arm-none-eabi-4_7-2013q3/bin/../lib/gcc/arm-none-eabi/4.7.4/../../../../arm-none-eabi/lib/armv7-m/libc_s.a
END GROUP
                0x00001000                _crc_offset = 0x1000

.text           0x08000000     0xa2e8
 *(.vectors)
 .vectors       0x08000000      0x150 /home/sloped-soarer/eclipse_work/rfmodule/libopencm3/lib/libopencm3_stm32f1.a(vector.o)
                0x08000000                vector_table
                0x00001000                . = _crc_offset
 *fill*         0x08000150      0xeb0 00
 *(.crc)
 *(.text*)
 .text.CHAN_ReadInput
                0x08001000       0x64 ./target/unimod/channels.o
                0x08001000                CHAN_ReadInput
 .text.ui2a     0x08001064       0x4a ./target/unimod/printf.o
 .text.putchw   0x080010ae       0x48 ./target/unimod/printf.o
 *fill*         0x080010f6        0x2 00
 .text.put_u3   0x080010f8        0xc ./target/unimod/printf.o
                0x080010f8                put_u3
 .text.tfp_format
                0x08001104      0x154 ./target/unimod/printf.o
                0x08001104                tfp_format
 .text.init_printf
                0x08001258       0x14 ./target/unimod/printf.o
                0x08001258                init_printf
 .text.tfp_printf
                0x0800126c       0x28 ./target/unimod/printf.o
                0x0800126c                tfp_printf
 .text.set_proto_leds
                0x08001294       0x60 ./target/unimod/unimod.o
                0x08001294                set_proto_leds
 .text.bind_button_duration
                0x080012f4       0x2c ./target/unimod/unimod.o
                0x080012f4                bind_button_duration
 .text.read_bind_sw
                0x08001320       0x18 ./target/unimod/unimod.o
                0x08001320                read_bind_sw
 .text.sys_tick_handler
                0x08001338       0x84 ./target/unimod/unimod.o
                0x08001338                sys_tick_handler
 .text.CLOCK_delayms
                0x080013bc       0x14 ./target/unimod/unimod.o
                0x080013bc                CLOCK_delayms
 .text.usart_three_setup
                0x080013d0       0x74 ./target/unimod/unimod.o
                0x080013d0                usart_three_setup
 .text.select_protocol_cmds
                0x08001444       0x18 ./target/unimod/unimod.o
                0x08001444                select_protocol_cmds
 .text.display_proto_options
                0x0800145c       0x70 ./target/unimod/unimod.o
                0x0800145c                display_proto_options
 .text.change_protocol
                0x080014cc       0xa4 ./target/unimod/unimod.o
                0x080014cc                change_protocol
 .text.timer_enable_1us_oc1
                0x08001570       0x64 ./target/unimod/unimod.o
                0x08001570                timer_enable_1us_oc1
 .text.initialise_hardware
                0x080015d4      0x170 ./target/unimod/unimod.o
                0x080015d4                initialise_hardware
 .text.uni_mod  0x08001744       0xe4 ./target/unimod/unimod.o
                0x08001744                uni_mod
 .text.PWM_Initialize
                0x08001828       0x34 ./target/common/devo/protocol/pwm.o
                0x08001828                PWM_Initialize
 .text.PWM_Stop
                0x0800185c       0x14 ./target/common/devo/protocol/pwm.o
                0x0800185c                PWM_Stop
 .text.PWM_Set  0x08001870       0x1c ./target/common/devo/protocol/pwm.o
                0x08001870                PWM_Set
 .text.CLOCK_StartTimer
                0x0800188c       0x38 ./target/common/devo/clock.o
                0x0800188c                CLOCK_StartTimer
 .text.CLOCK_ResetWatchdog
                0x080018c4       0x18 ./target/common/devo/clock.o
                0x080018c4                CLOCK_ResetWatchdog
 .text.CLOCK_StopTimer
                0x080018dc       0x1c ./target/common/devo/clock.o
                0x080018dc                CLOCK_StopTimer
 .text.tim4_isr
                0x080018f8       0x3c ./target/common/devo/clock.o
                0x080018f8                tim4_isr
 .text.CLOCK_getms
                0x08001934        0xc ./target/common/devo/clock.o
                0x08001934                CLOCK_getms
 .text.exti1_isr
                0x08001940        0x4 ./target/common/devo/clock.o
                0x08001940                exti1_isr
 .text.exti9_5_isr
                0x08001944       0xcc ./target/common/devo/ppmin.o
                0x08001944                exti9_5_isr
 .text.MCU_SerialNumber
                0x08001a10       0x80 ./target/common/devo/tx_misc.o
                0x08001a10                MCU_SerialNumber
 .text._usleep  0x08001a90       0x16 ./target/common/devo/tx_misc.o
                0x08001a90                _usleep
 *fill*         0x08001aa6        0x2 00
 .text.UART_Initialize
                0x08001aa8       0x70 ./target/common/devo/uart.o
                0x08001aa8                UART_Initialize
 .text.UART_Stop
                0x08001b18        0xc ./target/common/devo/uart.o
                0x08001b18                UART_Stop
 .text.CS_LO    0x08001b24       0x10 ./protocol/spi/a7105.o
 .text.CS_HI    0x08001b34       0x10 ./protocol/spi/a7105.o
 .text.A7105_WriteReg
                0x08001b44       0x28 ./protocol/spi/a7105.o
                0x08001b44                A7105_WriteReg
 .text.A7105_ReadReg
                0x08001b6c       0x74 ./protocol/spi/a7105.o
                0x08001b6c                A7105_ReadReg
 .text.A7105_WriteData
                0x08001be0       0x54 ./protocol/spi/a7105.o
                0x08001be0                A7105_WriteData
 .text.A7105_SetTxRxMode
                0x08001c34       0x32 ./protocol/spi/a7105.o
                0x08001c34                A7105_SetTxRxMode
 *fill*         0x08001c66        0x2 00
 .text.A7105_WriteID
                0x08001c68       0x44 ./protocol/spi/a7105.o
                0x08001c68                A7105_WriteID
 .text.A7105_SetPower
                0x08001cac       0x28 ./protocol/spi/a7105.o
                0x08001cac                A7105_SetPower
 .text.A7105_Strobe
                0x08001cd4       0x1c ./protocol/spi/a7105.o
                0x08001cd4                A7105_Strobe
 .text.A7105_Reset
                0x08001cf0       0x30 ./protocol/spi/a7105.o
                0x08001cf0                A7105_Reset
 .text.A7105_ReadData
                0x08001d20       0x20 ./protocol/spi/a7105.o
                0x08001d20                A7105_ReadData
 .text.CS_LO    0x08001d40       0x10 ./protocol/spi/cc2500.o
 .text.CS_HI    0x08001d50       0x10 ./protocol/spi/cc2500.o
 .text.CC2500_WriteReg
                0x08001d60       0x28 ./protocol/spi/cc2500.o
                0x08001d60                CC2500_WriteReg
 .text.CC2500_ReadReg
                0x08001d88       0x2c ./protocol/spi/cc2500.o
                0x08001d88                CC2500_ReadReg
 .text.CC2500_ReadData
                0x08001db4       0x34 ./protocol/spi/cc2500.o
                0x08001db4                CC2500_ReadData
 .text.CC2500_Strobe
                0x08001de8       0x1c ./protocol/spi/cc2500.o
                0x08001de8                CC2500_Strobe
 .text.CC2500_WriteRegisterMulti
                0x08001e04       0x34 ./protocol/spi/cc2500.o
                0x08001e04                CC2500_WriteRegisterMulti
 .text.CC2500_WriteData
                0x08001e38       0x20 ./protocol/spi/cc2500.o
                0x08001e38                CC2500_WriteData
 .text.CC2500_SetTxRxMode
                0x08001e58       0x30 ./protocol/spi/cc2500.o
                0x08001e58                CC2500_SetTxRxMode
 .text.CC2500_Reset
                0x08001e88       0x26 ./protocol/spi/cc2500.o
                0x08001e88                CC2500_Reset
 *fill*         0x08001eae        0x2 00
 .text.CS_LO    0x08001eb0       0x10 ./protocol/spi/cyrf6936.o
 .text.CS_HI    0x08001ec0       0x10 ./protocol/spi/cyrf6936.o
 .text.WriteRegisterMulti
                0x08001ed0       0x38 ./protocol/spi/cyrf6936.o
 .text.ReadRegisterMulti
                0x08001f08       0x38 ./protocol/spi/cyrf6936.o
 .text.CYRF_WriteRegister
                0x08001f40       0x2c ./protocol/spi/cyrf6936.o
                0x08001f40                CYRF_WriteRegister
 .text.CYRF_ReadRegister
                0x08001f6c       0x28 ./protocol/spi/cyrf6936.o
                0x08001f6c                CYRF_ReadRegister
 .text.CYRF_GetMfgData
                0x08001f94       0x38 ./protocol/spi/cyrf6936.o
                0x08001f94                CYRF_GetMfgData
 .text.CYRF_SetTxRxMode
                0x08001fcc       0x26 ./protocol/spi/cyrf6936.o
                0x08001fcc                CYRF_SetTxRxMode
 *fill*         0x08001ff2        0x2 00
 .text.CYRF_Reset
                0x08001ff4       0x50 ./protocol/spi/cyrf6936.o
                0x08001ff4                CYRF_Reset
 .text.CYRF_ConfigRFChannel
                0x08002044        0x8 ./protocol/spi/cyrf6936.o
                0x08002044                CYRF_ConfigRFChannel
 .text.CYRF_SetPower
                0x0800204c       0x1e ./protocol/spi/cyrf6936.o
                0x0800204c                CYRF_SetPower
 .text.CYRF_ConfigCRCSeed
                0x0800206a       0x18 ./protocol/spi/cyrf6936.o
                0x0800206a                CYRF_ConfigCRCSeed
 .text.CYRF_ConfigSOPCode
                0x08002082        0xa ./protocol/spi/cyrf6936.o
                0x08002082                CYRF_ConfigSOPCode
 .text.CYRF_ConfigDataCode
                0x0800208c        0xc ./protocol/spi/cyrf6936.o
                0x0800208c                CYRF_ConfigDataCode
 .text.CYRF_WritePreamble
                0x08002098       0x3c ./protocol/spi/cyrf6936.o
                0x08002098                CYRF_WritePreamble
 .text.CYRF_StartReceive
                0x080020d4        0x8 ./protocol/spi/cyrf6936.o
                0x080020d4                CYRF_StartReceive
 .text.CYRF_ReadDataPacket
                0x080020dc        0xa ./protocol/spi/cyrf6936.o
                0x080020dc                CYRF_ReadDataPacket
 .text.CYRF_WriteDataPacketLen
                0x080020e6       0x2a ./protocol/spi/cyrf6936.o
                0x080020e6                CYRF_WriteDataPacketLen
 .text.CYRF_WriteDataPacket
                0x08002110        0x6 ./protocol/spi/cyrf6936.o
                0x08002110                CYRF_WriteDataPacket
 .text.CYRF_FindBestChannels
                0x08002116       0xc8 ./protocol/spi/cyrf6936.o
                0x08002116                CYRF_FindBestChannels
 *fill*         0x080021de        0x2 00
 .text.CS_LO    0x080021e0       0x10 ./protocol/spi/nrf24l01.o
 .text.CS_HI    0x080021f0       0x10 ./protocol/spi/nrf24l01.o
 .text.Strobe   0x08002200       0x20 ./protocol/spi/nrf24l01.o
 .text.NRF24L01_Initialize
                0x08002220        0xc ./protocol/spi/nrf24l01.o
                0x08002220                NRF24L01_Initialize
 .text.NRF24L01_WriteReg
                0x0800222c       0x30 ./protocol/spi/nrf24l01.o
                0x0800222c                NRF24L01_WriteReg
 .text.NRF24L01_WriteRegisterMulti
                0x0800225c       0x3c ./protocol/spi/nrf24l01.o
                0x0800225c                NRF24L01_WriteRegisterMulti
 .text.NRF24L01_WritePayload
                0x08002298       0x34 ./protocol/spi/nrf24l01.o
                0x08002298                NRF24L01_WritePayload
 .text.NRF24L01_ReadReg
                0x080022cc       0x2c ./protocol/spi/nrf24l01.o
                0x080022cc                NRF24L01_ReadReg
 .text.NRF24L01_FlushTx
                0x080022f8        0x6 ./protocol/spi/nrf24l01.o
                0x080022f8                NRF24L01_FlushTx
 .text.NRF24L01_FlushRx
                0x080022fe        0x6 ./protocol/spi/nrf24l01.o
                0x080022fe                NRF24L01_FlushRx
 .text.NRF24L01_Activate
                0x08002304       0x28 ./protocol/spi/nrf24l01.o
                0x08002304                NRF24L01_Activate
 .text.NRF24L01_SetBitrate
                0x0800232c       0x24 ./protocol/spi/nrf24l01.o
                0x0800232c                NRF24L01_SetBitrate
 .text.NRF24L01_SetPower
                0x08002350       0x30 ./protocol/spi/nrf24l01.o
                0x08002350                NRF24L01_SetPower
 .text.NRF24L01_SetTxRxMode
                0x08002380       0x4e ./protocol/spi/nrf24l01.o
                0x08002380                NRF24L01_SetTxRxMode
 .text.NRF24L01_Reset
                0x080023ce       0x36 ./protocol/spi/nrf24l01.o
                0x080023ce                NRF24L01_Reset
 .text.scramble_pkt
                0x08002404       0x24 ./protocol/devo_cyrf6936.o
 .text.add_pkt_suffix
                0x08002428       0x58 ./protocol/devo_cyrf6936.o
 .text.build_data_pkt
                0x08002480       0x88 ./protocol/devo_cyrf6936.o
 .text.float_to_int
                0x08002508       0x3a ./protocol/devo_cyrf6936.o
 *fill*         0x08002542        0x2 00
 .text.cyrf_set_bound_sop_code
                0x08002544       0x64 ./protocol/devo_cyrf6936.o
 .text.DEVO_BuildPacket
                0x080025a8      0x1b0 ./protocol/devo_cyrf6936.o
                0x080025a8                DEVO_BuildPacket
 .text.devo_cb  0x08002758       0x98 ./protocol/devo_cyrf6936.o
 .text.devo_telemetry_cb
                0x080027f0      0x3a8 ./protocol/devo_cyrf6936.o
 .text.DEVO_Cmds
                0x08002b98      0x288 ./protocol/devo_cyrf6936.o
                0x08002b98                DEVO_Cmds
 .text.unlikely.bcd_to_u8
                0x08002e20        0xe ./protocol/dsm2_cyrf6936.o
 *fill*         0x08002e2e        0x2 00
 .text.unlikely.pkt32_to_coord
                0x08002e30       0x48 ./protocol/dsm2_cyrf6936.o
 .text.set_sop_data_crc
                0x08002e78       0xc0 ./protocol/dsm2_cyrf6936.o
 .text.dsm2_cb  0x08002f38      0x50c ./protocol/dsm2_cyrf6936.o
 .text.initialize_bind_state
                0x08003444      0x13c ./protocol/dsm2_cyrf6936.o
                0x08003444                initialize_bind_state
 .text.initialize
                0x08003580      0x238 ./protocol/dsm2_cyrf6936.o
 .text.DSM2_Cmds
                0x080037b8       0x68 ./protocol/dsm2_cyrf6936.o
                0x080037b8                DSM2_Cmds
 .text.build_data_packet
                0x08003820       0xb8 ./protocol/fbl100_nrf24l01_rick.o
 .text.fbl100_cb
                0x080038d8       0xb0 ./protocol/fbl100_nrf24l01_rick.o
 .text.fbl100_reg_init
                0x08003988       0x58 ./protocol/fbl100_nrf24l01_rick.o
                0x08003988                fbl100_reg_init
 .text.build_binding_array
                0x080039e0       0xc4 ./protocol/fbl100_nrf24l01_rick.o
                0x080039e0                build_binding_array
 .text.initialize
                0x08003aa4       0xa8 ./protocol/fbl100_nrf24l01_rick.o
 .text.FBL100_Cmds
                0x08003b4c       0x50 ./protocol/fbl100_nrf24l01_rick.o
                0x08003b4c                FBL100_Cmds
 .text.flysky_build_packet
                0x08003b9c       0xe0 ./protocol/flysky_a7105_rick.o
 .text.initialize
                0x08003c7c      0x284 ./protocol/flysky_a7105_rick.o
 .text.flysky_cb
                0x08003f00       0x84 ./protocol/flysky_a7105_rick.o
 .text.FLYSKY_Cmds
                0x08003f84       0x68 ./protocol/flysky_a7105_rick.o
                0x08003f84                FLYSKY_Cmds
 .text.frsky1way_init
                0x08003fec      0x164 ./protocol/frsky1way_cc2500_rick.o
 .text.crc8.constprop.2
                0x08004150       0x30 ./protocol/frsky1way_cc2500_rick.o
 .text.build_data_packet_1way
                0x08004180       0xd0 ./protocol/frsky1way_cc2500_rick.o
 .text.frsky1waydata_cb
                0x08004250       0x8c ./protocol/frsky1way_cc2500_rick.o
 .text.frsky_bind_cb
                0x080042dc       0x94 ./protocol/frsky1way_cc2500_rick.o
 .text.initialize
                0x08004370      0x100 ./protocol/frsky1way_cc2500_rick.o
 .text.FRSKY1WAY_Cmds
                0x08004470       0x5c ./protocol/frsky1way_cc2500_rick.o
                0x08004470                FRSKY1WAY_Cmds
 .text.frsky2way_build_data_packet
                0x080044cc       0xac ./protocol/frsky2way_cc2500_rick.o
 .text.frsky2way_init
                0x08004578      0x170 ./protocol/frsky2way_cc2500_rick.o
 .text.frsky2waybind_cb
                0x080046e8       0x94 ./protocol/frsky2way_cc2500_rick.o
 .text.frsky2waydata_cb
                0x0800477c      0x168 ./protocol/frsky2way_cc2500_rick.o
 .text.initialize
                0x080048e4       0xa4 ./protocol/frsky2way_cc2500_rick.o
 .text.FRSKY2WAY_Cmds
                0x08004988       0x60 ./protocol/frsky2way_cc2500_rick.o
                0x08004988                FRSKY2WAY_Cmds
 .text.initialize
                0x080049e8      0x284 ./protocol/h377_nrf24l01.o
 .text.h377_cb  0x08004c6c      0x198 ./protocol/h377_nrf24l01.o
 .text.H377_Cmds
                0x08004e04       0x4c ./protocol/h377_nrf24l01.o
                0x08004e04                H377_Cmds
 .text.initialize
                0x08004e50      0x370 ./protocol/hisky_nrf24l01.o
 .text.hisky_cb
                0x080051c0      0x1b4 ./protocol/hisky_nrf24l01.o
 .text.HiSky_Cmds
                0x08005374       0x4c ./protocol/hisky_nrf24l01.o
                0x08005374                HiSky_Cmds
 .text.initialize
                0x080053c0      0x204 ./protocol/hm830_nrf24l01.o
 .text.send_packet
                0x080055c4       0x18 ./protocol/hm830_nrf24l01.o
 .text.crc8.constprop.0
                0x080055dc       0x2c ./protocol/hm830_nrf24l01.o
 .text.build_data_packet
                0x08005608       0xbc ./protocol/hm830_nrf24l01.o
 .text.HM830_callback
                0x080056c4      0x218 ./protocol/hm830_nrf24l01.o
 .text.HM830_Cmds
                0x080058dc       0x58 ./protocol/hm830_nrf24l01.o
                0x080058dc                HM830_Cmds
 .text.update_crc
                0x08005934       0x1c ./protocol/hubsan_a7105.o
 .text.initialize
                0x08005950      0x1f0 ./protocol/hubsan_a7105.o
 .text.hubsan_cb
                0x08005b40      0x408 ./protocol/hubsan_a7105.o
 .text.HUBSAN_Cmds
                0x08005f48       0x68 ./protocol/hubsan_a7105.o
                0x08005f48                HUBSAN_Cmds
 .text.cyrf_init
                0x08005fb0       0xc4 ./protocol/j6pro_cyrf6936.o
 .text.j6pro_cb
                0x08006074      0x2e0 ./protocol/j6pro_cyrf6936.o
 .text.J6PRO_Cmds
                0x08006354       0x8c ./protocol/j6pro_cyrf6936.o
                0x08006354                J6PRO_Cmds
 .text.usart2_isr
                0x080063e0       0xe0 ./protocol/mpx_serial.o
                0x080063e0                usart2_isr
 .text.build_mpx_telem_pkt
                0x080064c0       0xb0 ./protocol/mpx_serial.o
                0x080064c0                build_mpx_telem_pkt
 .text.tim3_isr
                0x08006570       0x60 ./protocol/mpx_serial.o
                0x08006570                tim3_isr
 .text.mpx_puts
                0x080065d0       0x18 ./protocol/mpx_serial.o
                0x080065d0                mpx_puts
 .text.mpx_start
                0x080065e8      0x104 ./protocol/mpx_serial.o
                0x080065e8                mpx_start
 .text.MPX_SERIAL_Cmds
                0x080066ec       0x60 ./protocol/mpx_serial.o
                0x080066ec                MPX_SERIAL_Cmds
 .text.initialize
                0x0800674c       0x90 ./protocol/mpx_serial.o
 .text.initialize
                0x080067dc       0xc4 ./protocol/ppm_ic.o
 .text.tim1_cc_isr
                0x080068a0       0xb8 ./protocol/ppm_ic.o
                0x080068a0                tim1_cc_isr
 .text.PPM_IC_Cmds
                0x08006958       0x4c ./protocol/ppm_ic.o
                0x08006958                PPM_IC_Cmds
 .text.initialize
                0x080069a4       0x60 ./protocol/ppmout.o
 .text.ppmout_cb
                0x08006a04       0xbc ./protocol/ppmout.o
 .text.PPMOUT_Cmds
                0x08006ac0       0x90 ./protocol/ppmout.o
                0x08006ac0                PPMOUT_Cmds
 .text.PROTOCOL_DeInit
                0x08006b50       0x2c ./protocol/protocol.o
                0x08006b50                PROTOCOL_DeInit
 .text.PROTOCOL_SetBindState
                0x08006b7c       0x30 ./protocol/protocol.o
                0x08006b7c                PROTOCOL_SetBindState
 .text.PROTOCOL_MapChannel
                0x08006bac       0x30 ./protocol/protocol.o
                0x08006bac                PROTOCOL_MapChannel
 .text.PROTOCOL_CheckSafe
                0x08006bdc       0x98 ./protocol/protocol.o
                0x08006bdc                PROTOCOL_CheckSafe
 .text.PROTOCOL_HasModule
                0x08006c74       0x2c ./protocol/protocol.o
                0x08006c74                PROTOCOL_HasModule
 .text.PROTOCOL_Load
                0x08006ca0       0xd4 ./protocol/protocol.o
                0x08006ca0                PROTOCOL_Load
 .text.PROTOCOL_Init
                0x08006d74       0x64 ./protocol/protocol.o
                0x08006d74                PROTOCOL_Init
 .text.PROTOCOL_SticksMoved
                0x08006dd8       0x58 ./protocol/protocol.o
                0x08006dd8                PROTOCOL_SticksMoved
 .text.initialize
                0x08006e30      0x268 ./protocol/slt_nrf24l01.o
 .text.wait_radio
                0x08007098       0x28 ./protocol/slt_nrf24l01.o
                0x08007098                wait_radio
 .text.send_data
                0x080070c0       0x2c ./protocol/slt_nrf24l01.o
                0x080070c0                send_data
 .text.send_packet
                0x080070ec       0x1c ./protocol/slt_nrf24l01.o
 .text.checkTxPower
                0x08007108       0x28 ./protocol/slt_nrf24l01.o
                0x08007108                checkTxPower
 .text.SLT_callback
                0x08007130      0x18c ./protocol/slt_nrf24l01.o
 .text.SLT_Cmds
                0x080072bc       0x60 ./protocol/slt_nrf24l01.o
                0x080072bc                SLT_Cmds
 .text.convert_channel
                0x0800731c       0x38 ./protocol/v202_nrf24l01.o
 .text.packet_ack
                0x08007354       0x24 ./protocol/v202_nrf24l01.o
 .text.initialize
                0x08007378      0x2d8 ./protocol/v202_nrf24l01.o
 .text.V202_init2
                0x08007650       0x24 ./protocol/v202_nrf24l01.o
 .text.send_packet
                0x08007674      0x208 ./protocol/v202_nrf24l01.o
 .text.v202_callback
                0x0800787c       0xf8 ./protocol/v202_nrf24l01.o
 .text.V202_Cmds
                0x08007974       0x7c ./protocol/v202_nrf24l01.o
                0x08007974                V202_Cmds
 .text.add_pkt_crc
                0x080079f0       0x24 ./protocol/wk2x01.o
 .text.build_bind_pkt
                0x08007a14       0x74 ./protocol/wk2x01.o
 .text.get_channel
                0x08007a88       0x30 ./protocol/wk2x01.o
 .text.WK_BuildPacket_2801
                0x08007ab8      0x1bc ./protocol/wk2x01.o
                0x08007ab8                WK_BuildPacket_2801
 .text.WK_BuildPacket_2601
                0x08007c74      0x2b8 ./protocol/wk2x01.o
                0x08007c74                WK_BuildPacket_2601
 .text.WK_BuildPacket_2401
                0x08007f2c      0x104 ./protocol/wk2x01.o
                0x08007f2c                WK_BuildPacket_2401
 .text.wk_cb    0x08008030       0xa4 ./protocol/wk2x01.o
 .text.WK2x01_Cmds
                0x080080d4      0x298 ./protocol/wk2x01.o
                0x080080d4                WK2x01_Cmds
 .text.convert_channel
                0x0800836c       0x38 ./protocol/yd717_nrf24l01.o
 .text.packet_ack
                0x080083a4       0x24 ./protocol/yd717_nrf24l01.o
 .text.initialize
                0x080083c8      0x250 ./protocol/yd717_nrf24l01.o
 .text.send_packet
                0x08008618      0x198 ./protocol/yd717_nrf24l01.o
 .text.yd717_callback
                0x080087b0      0x128 ./protocol/yd717_nrf24l01.o
 .text.YD717_Cmds
                0x080088d8       0x80 ./protocol/yd717_nrf24l01.o
                0x080088d8                YD717_Cmds
 .text.startup.main
                0x08008958        0xa ./main.o
                0x08008958                main
 .text.medium_priority_cb
                0x08008962        0x2 ./main.o
                0x08008962                medium_priority_cb
 .text.update_lfsr
                0x08008964       0x28 ./misc.o
 .text.Crc      0x0800898c       0x30 ./misc.o
                0x0800898c                Crc
 .text.rand32_r
                0x080089bc       0x18 ./misc.o
                0x080089bc                rand32_r
 .text.rand32   0x080089d4       0x14 ./misc.o
                0x080089d4                rand32
 .text.MIXER_MapChannel
                0x080089e8       0x4c ./mixer.o
                0x080089e8                MIXER_MapChannel
 .text.MIXER_GetInputs
                0x08008a34        0x8 ./mixer.o
                0x08008a34                MIXER_GetInputs
 .text.MIXER_GetTrim
                0x08008a3c       0x5c ./mixer.o
                0x08008a3c                MIXER_GetTrim
 .text.MIXER_GetTrimValue
                0x08008a98       0x2c ./mixer.o
                0x08008a98                MIXER_GetTrimValue
 .text.get_trim
                0x08008ac4       0x30 ./mixer.o
 .text.MIXER_ApplyLimits
                0x08008af4      0x12c ./mixer.o
                0x08008af4                MIXER_ApplyLimits
 .text.MIXER_GetChannel
                0x08008c20       0x24 ./mixer.o
                0x08008c20                MIXER_GetChannel
 .text.MUSIC_Play
                0x08008c44        0x2 ./music.o
                0x08008c44                MUSIC_Play
 *fill*         0x08008c46        0x2 00
 .text.TELEMETRY_SetUpdated
                0x08008c48       0x3c ./telemetry.o
                0x08008c48                TELEMETRY_SetUpdated
 .text.TELEMETRY_SetType
                0x08008c84       0x28 ./telemetry.o
                0x08008c84                TELEMETRY_SetType
 .text.TELEMETRY_SetTypeByProtocol
                0x08008cac       0x18 ./telemetry.o
                0x08008cac                TELEMETRY_SetTypeByProtocol
 .text.rcc_wait_for_osc_ready.part.0
                0x08008cc4       0x10 /home/sloped-soarer/eclipse_work/rfmodule/libopencm3/lib/libopencm3_stm32f1.a(rcc.o)
 .text.rcc_osc_on.part.1
                0x08008cd4       0x10 /home/sloped-soarer/eclipse_work/rfmodule/libopencm3/lib/libopencm3_stm32f1.a(rcc.o)
 .text.rcc_wait_for_osc_ready
                0x08008ce4       0x48 /home/sloped-soarer/eclipse_work/rfmodule/libopencm3/lib/libopencm3_stm32f1.a(rcc.o)
                0x08008ce4                rcc_wait_for_osc_ready
 .text.rcc_osc_on
                0x08008d2c       0x3c /home/sloped-soarer/eclipse_work/rfmodule/libopencm3/lib/libopencm3_stm32f1.a(rcc.o)
                0x08008d2c                rcc_osc_on
 .text.rcc_peripheral_enable_clock
                0x08008d68        0x8 /home/sloped-soarer/eclipse_work/rfmodule/libopencm3/lib/libopencm3_stm32f1.a(rcc.o)
                0x08008d68                rcc_peripheral_enable_clock
 .text.rcc_peripheral_reset
                0x08008d70        0x8 /home/sloped-soarer/eclipse_work/rfmodule/libopencm3/lib/libopencm3_stm32f1.a(rcc.o)
                0x08008d70                rcc_peripheral_reset
 .text.rcc_peripheral_clear_reset
                0x08008d78        0xa /home/sloped-soarer/eclipse_work/rfmodule/libopencm3/lib/libopencm3_stm32f1.a(rcc.o)
                0x08008d78                rcc_peripheral_clear_reset
 *fill*         0x08008d82        0x2 00
 .text.rcc_set_sysclk_source
                0x08008d84       0x14 /home/sloped-soarer/eclipse_work/rfmodule/libopencm3/lib/libopencm3_stm32f1.a(rcc.o)
                0x08008d84                rcc_set_sysclk_source
 .text.rcc_set_pll_multiplication_factor
                0x08008d98       0x14 /home/sloped-soarer/eclipse_work/rfmodule/libopencm3/lib/libopencm3_stm32f1.a(rcc.o)
                0x08008d98                rcc_set_pll_multiplication_factor
 .text.rcc_set_pll_source
                0x08008dac       0x14 /home/sloped-soarer/eclipse_work/rfmodule/libopencm3/lib/libopencm3_stm32f1.a(rcc.o)
                0x08008dac                rcc_set_pll_source
 .text.rcc_set_pllxtpre
                0x08008dc0       0x14 /home/sloped-soarer/eclipse_work/rfmodule/libopencm3/lib/libopencm3_stm32f1.a(rcc.o)
                0x08008dc0                rcc_set_pllxtpre
 .text.rcc_set_adcpre
                0x08008dd4       0x14 /home/sloped-soarer/eclipse_work/rfmodule/libopencm3/lib/libopencm3_stm32f1.a(rcc.o)
                0x08008dd4                rcc_set_adcpre
 .text.rcc_set_ppre2
                0x08008de8       0x14 /home/sloped-soarer/eclipse_work/rfmodule/libopencm3/lib/libopencm3_stm32f1.a(rcc.o)
                0x08008de8                rcc_set_ppre2
 .text.rcc_set_ppre1
                0x08008dfc       0x14 /home/sloped-soarer/eclipse_work/rfmodule/libopencm3/lib/libopencm3_stm32f1.a(rcc.o)
                0x08008dfc                rcc_set_ppre1
 .text.rcc_set_hpre
                0x08008e10       0x14 /home/sloped-soarer/eclipse_work/rfmodule/libopencm3/lib/libopencm3_stm32f1.a(rcc.o)
                0x08008e10                rcc_set_hpre
 .text.rcc_clock_setup_in_hse_8mhz_out_72mhz
                0x08008e24       0x84 /home/sloped-soarer/eclipse_work/rfmodule/libopencm3/lib/libopencm3_stm32f1.a(rcc.o)
                0x08008e24                rcc_clock_setup_in_hse_8mhz_out_72mhz
 .text.gpio_set_mode
                0x08008ea8       0x70 /home/sloped-soarer/eclipse_work/rfmodule/libopencm3/lib/libopencm3_stm32f1.a(gpio.o)
                0x08008ea8                gpio_set_mode
 .text.usart_set_baudrate
                0x08008f18       0x28 /home/sloped-soarer/eclipse_work/rfmodule/libopencm3/lib/libopencm3_stm32f1.a(usart.o)
                0x08008f18                usart_set_baudrate
 .text.usart_set_databits
                0x08008f40       0x12 /home/sloped-soarer/eclipse_work/rfmodule/libopencm3/lib/libopencm3_stm32f1.a(usart.o)
                0x08008f40                usart_set_databits
 .text.usart_set_stopbits
                0x08008f52        0xc /home/sloped-soarer/eclipse_work/rfmodule/libopencm3/lib/libopencm3_stm32f1.a(usart.o)
                0x08008f52                usart_set_stopbits
 .text.usart_set_parity
                0x08008f5e        0xc /home/sloped-soarer/eclipse_work/rfmodule/libopencm3/lib/libopencm3_stm32f1.a(usart.o)
                0x08008f5e                usart_set_parity
 .text.usart_set_mode
                0x08008f6a        0xc /home/sloped-soarer/eclipse_work/rfmodule/libopencm3/lib/libopencm3_stm32f1.a(usart.o)
                0x08008f6a                usart_set_mode
 .text.usart_set_flow_control
                0x08008f76        0xc /home/sloped-soarer/eclipse_work/rfmodule/libopencm3/lib/libopencm3_stm32f1.a(usart.o)
                0x08008f76                usart_set_flow_control
 .text.usart_enable
                0x08008f82        0xa /home/sloped-soarer/eclipse_work/rfmodule/libopencm3/lib/libopencm3_stm32f1.a(usart.o)
                0x08008f82                usart_enable
 .text.usart_disable
                0x08008f8c        0xa /home/sloped-soarer/eclipse_work/rfmodule/libopencm3/lib/libopencm3_stm32f1.a(usart.o)
                0x08008f8c                usart_disable
 .text.usart_send
                0x08008f96        0x8 /home/sloped-soarer/eclipse_work/rfmodule/libopencm3/lib/libopencm3_stm32f1.a(usart.o)
                0x08008f96                usart_send
 .text.usart_recv
                0x08008f9e        0x8 /home/sloped-soarer/eclipse_work/rfmodule/libopencm3/lib/libopencm3_stm32f1.a(usart.o)
                0x08008f9e                usart_recv
 .text.usart_wait_send_ready
                0x08008fa6        0x8 /home/sloped-soarer/eclipse_work/rfmodule/libopencm3/lib/libopencm3_stm32f1.a(usart.o)
                0x08008fa6                usart_wait_send_ready
 .text.usart_wait_recv_ready
                0x08008fae        0x8 /home/sloped-soarer/eclipse_work/rfmodule/libopencm3/lib/libopencm3_stm32f1.a(usart.o)
                0x08008fae                usart_wait_recv_ready
 .text.usart_send_blocking
                0x08008fb6       0x12 /home/sloped-soarer/eclipse_work/rfmodule/libopencm3/lib/libopencm3_stm32f1.a(usart.o)
                0x08008fb6                usart_send_blocking
 .text.usart_recv_blocking
                0x08008fc8       0x10 /home/sloped-soarer/eclipse_work/rfmodule/libopencm3/lib/libopencm3_stm32f1.a(usart.o)
                0x08008fc8                usart_recv_blocking
 .text.usart_enable_rx_interrupt
                0x08008fd8        0xa /home/sloped-soarer/eclipse_work/rfmodule/libopencm3/lib/libopencm3_stm32f1.a(usart.o)
                0x08008fd8                usart_enable_rx_interrupt
 .text.usart_enable_tx_interrupt
                0x08008fe2        0xa /home/sloped-soarer/eclipse_work/rfmodule/libopencm3/lib/libopencm3_stm32f1.a(usart.o)
                0x08008fe2                usart_enable_tx_interrupt
 .text.usart_disable_tx_interrupt
                0x08008fec        0xa /home/sloped-soarer/eclipse_work/rfmodule/libopencm3/lib/libopencm3_stm32f1.a(usart.o)
                0x08008fec                usart_disable_tx_interrupt
 .text.usart_get_flag
                0x08008ff6        0xc /home/sloped-soarer/eclipse_work/rfmodule/libopencm3/lib/libopencm3_stm32f1.a(usart.o)
                0x08008ff6                usart_get_flag
 *fill*         0x08009002        0x2 00
 .text.spi_reset
                0x08009004       0x64 /home/sloped-soarer/eclipse_work/rfmodule/libopencm3/lib/libopencm3_stm32f1.a(spi.o)
                0x08009004                spi_reset
 .text.spi_init_master
                0x08009068       0x20 /home/sloped-soarer/eclipse_work/rfmodule/libopencm3/lib/libopencm3_stm32f1.a(spi.o)
                0x08009068                spi_init_master
 .text.spi_enable
                0x08009088        0xa /home/sloped-soarer/eclipse_work/rfmodule/libopencm3/lib/libopencm3_stm32f1.a(spi.o)
                0x08009088                spi_enable
 .text.spi_disable
                0x08009092        0xa /home/sloped-soarer/eclipse_work/rfmodule/libopencm3/lib/libopencm3_stm32f1.a(spi.o)
                0x08009092                spi_disable
 .text.spi_read
                0x0800909c        0xc /home/sloped-soarer/eclipse_work/rfmodule/libopencm3/lib/libopencm3_stm32f1.a(spi.o)
                0x0800909c                spi_read
 .text.spi_xfer
                0x080090a8        0xe /home/sloped-soarer/eclipse_work/rfmodule/libopencm3/lib/libopencm3_stm32f1.a(spi.o)
                0x080090a8                spi_xfer
 .text.spi_set_unidirectional_mode
                0x080090b6        0xa /home/sloped-soarer/eclipse_work/rfmodule/libopencm3/lib/libopencm3_stm32f1.a(spi.o)
                0x080090b6                spi_set_unidirectional_mode
 .text.spi_set_bidirectional_receive_only_mode
                0x080090c0       0x12 /home/sloped-soarer/eclipse_work/rfmodule/libopencm3/lib/libopencm3_stm32f1.a(spi.o)
                0x080090c0                spi_set_bidirectional_receive_only_mode
 .text.spi_enable_ss_output
                0x080090d2        0xa /home/sloped-soarer/eclipse_work/rfmodule/libopencm3/lib/libopencm3_stm32f1.a(spi.o)
                0x080090d2                spi_enable_ss_output
 .text.flash_set_ws
                0x080090dc       0x14 /home/sloped-soarer/eclipse_work/rfmodule/libopencm3/lib/libopencm3_stm32f1.a(flash.o)
                0x080090dc                flash_set_ws
 .text.exti_reset_request
                0x080090f0       0x10 /home/sloped-soarer/eclipse_work/rfmodule/libopencm3/lib/libopencm3_stm32f1.a(exti.o)
                0x080090f0                exti_reset_request
 .text.timer_reset
                0x08009100       0xd8 /home/sloped-soarer/eclipse_work/rfmodule/libopencm3/lib/libopencm3_stm32f1.a(timer.o)
                0x08009100                timer_reset
 .text.timer_enable_irq
                0x080091d8        0x8 /home/sloped-soarer/eclipse_work/rfmodule/libopencm3/lib/libopencm3_stm32f1.a(timer.o)
                0x080091d8                timer_enable_irq
 .text.timer_disable_irq
                0x080091e0        0xa /home/sloped-soarer/eclipse_work/rfmodule/libopencm3/lib/libopencm3_stm32f1.a(timer.o)
                0x080091e0                timer_disable_irq
 .text.timer_get_flag
                0x080091ea        0xc /home/sloped-soarer/eclipse_work/rfmodule/libopencm3/lib/libopencm3_stm32f1.a(timer.o)
                0x080091ea                timer_get_flag
 .text.timer_clear_flag
                0x080091f6        0xa /home/sloped-soarer/eclipse_work/rfmodule/libopencm3/lib/libopencm3_stm32f1.a(timer.o)
                0x080091f6                timer_clear_flag
 .text.timer_set_clock_division
                0x08009200       0x14 /home/sloped-soarer/eclipse_work/rfmodule/libopencm3/lib/libopencm3_stm32f1.a(timer.o)
                0x08009200                timer_set_clock_division
 .text.timer_set_alignment
                0x08009214       0x14 /home/sloped-soarer/eclipse_work/rfmodule/libopencm3/lib/libopencm3_stm32f1.a(timer.o)
                0x08009214                timer_set_alignment
 .text.timer_direction_up
                0x08009228        0xa /home/sloped-soarer/eclipse_work/rfmodule/libopencm3/lib/libopencm3_stm32f1.a(timer.o)
                0x08009228                timer_direction_up
 .text.timer_continuous_mode
                0x08009232        0xa /home/sloped-soarer/eclipse_work/rfmodule/libopencm3/lib/libopencm3_stm32f1.a(timer.o)
                0x08009232                timer_continuous_mode
 .text.timer_enable_counter
                0x0800923c        0xa /home/sloped-soarer/eclipse_work/rfmodule/libopencm3/lib/libopencm3_stm32f1.a(timer.o)
                0x0800923c                timer_enable_counter
 .text.timer_set_prescaler
                0x08009246        0x4 /home/sloped-soarer/eclipse_work/rfmodule/libopencm3/lib/libopencm3_stm32f1.a(timer.o)
                0x08009246                timer_set_prescaler
 *fill*         0x0800924a        0x2 00
 .text.timer_set_repetition_counter
                0x0800924c       0x18 /home/sloped-soarer/eclipse_work/rfmodule/libopencm3/lib/libopencm3_stm32f1.a(timer.o)
                0x0800924c                timer_set_repetition_counter
 .text.timer_set_period
                0x08009264        0x4 /home/sloped-soarer/eclipse_work/rfmodule/libopencm3/lib/libopencm3_stm32f1.a(timer.o)
                0x08009264                timer_set_period
 .text.timer_set_oc_mode
                0x08009268      0x186 /home/sloped-soarer/eclipse_work/rfmodule/libopencm3/lib/libopencm3_stm32f1.a(timer.o)
                0x08009268                timer_set_oc_mode
 .text.timer_disable_oc_preload
                0x080093ee       0x34 /home/sloped-soarer/eclipse_work/rfmodule/libopencm3/lib/libopencm3_stm32f1.a(timer.o)
                0x080093ee                timer_disable_oc_preload
 .text.timer_set_oc_value
                0x08009422       0x20 /home/sloped-soarer/eclipse_work/rfmodule/libopencm3/lib/libopencm3_stm32f1.a(timer.o)
                0x08009422                timer_set_oc_value
 .text.timer_generate_event
                0x08009442        0x8 /home/sloped-soarer/eclipse_work/rfmodule/libopencm3/lib/libopencm3_stm32f1.a(timer.o)
                0x08009442                timer_generate_event
 .text.timer_get_counter
                0x0800944a        0x4 /home/sloped-soarer/eclipse_work/rfmodule/libopencm3/lib/libopencm3_stm32f1.a(timer.o)
                0x0800944a                timer_get_counter
 .text.timer_ic_set_filter
                0x0800944e       0x50 /home/sloped-soarer/eclipse_work/rfmodule/libopencm3/lib/libopencm3_stm32f1.a(timer.o)
                0x0800944e                timer_ic_set_filter
 .text.timer_ic_set_prescaler
                0x0800949e       0x50 /home/sloped-soarer/eclipse_work/rfmodule/libopencm3/lib/libopencm3_stm32f1.a(timer.o)
                0x0800949e                timer_ic_set_prescaler
 .text.timer_ic_set_input
                0x080094ee       0x62 /home/sloped-soarer/eclipse_work/rfmodule/libopencm3/lib/libopencm3_stm32f1.a(timer.o)
                0x080094ee                timer_ic_set_input
 .text.timer_ic_set_polarity
                0x08009550       0x1e /home/sloped-soarer/eclipse_work/rfmodule/libopencm3/lib/libopencm3_stm32f1.a(timer.o)
                0x08009550                timer_ic_set_polarity
 .text.timer_ic_enable
                0x0800956e       0x10 /home/sloped-soarer/eclipse_work/rfmodule/libopencm3/lib/libopencm3_stm32f1.a(timer.o)
                0x0800956e                timer_ic_enable
 .text.timer_ic_disable
                0x0800957e       0x12 /home/sloped-soarer/eclipse_work/rfmodule/libopencm3/lib/libopencm3_stm32f1.a(timer.o)
                0x0800957e                timer_ic_disable
 .text.desig_get_unique_id
                0x08009590       0x20 /home/sloped-soarer/eclipse_work/rfmodule/libopencm3/lib/libopencm3_stm32f1.a(desig.o)
                0x08009590                desig_get_unique_id
 .text.iwdg_reset
                0x080095b0       0x10 /home/sloped-soarer/eclipse_work/rfmodule/libopencm3/lib/libopencm3_stm32f1.a(iwdg.o)
                0x080095b0                iwdg_reset
 .text.gpio_set
                0x080095c0        0x4 /home/sloped-soarer/eclipse_work/rfmodule/libopencm3/lib/libopencm3_stm32f1.a(gpio_common_all.o)
                0x080095c0                gpio_set
 .text.gpio_clear
                0x080095c4        0x6 /home/sloped-soarer/eclipse_work/rfmodule/libopencm3/lib/libopencm3_stm32f1.a(gpio_common_all.o)
                0x080095c4                gpio_clear
 .text.gpio_get
                0x080095ca        0x6 /home/sloped-soarer/eclipse_work/rfmodule/libopencm3/lib/libopencm3_stm32f1.a(gpio_common_all.o)
                0x080095ca                gpio_get
 .text.blocking_handler
                0x080095d0        0x2 /home/sloped-soarer/eclipse_work/rfmodule/libopencm3/lib/libopencm3_stm32f1.a(vector.o)
                0x080095d0                usart3_isr
                0x080095d0                rtc_isr
                0x080095d0                tim7_isr
                0x080095d0                adc1_2_isr
                0x080095d0                tim1_trg_com_isr
                0x080095d0                usb_hp_can_tx_isr
                0x080095d0                tim6_isr
                0x080095d0                usb_wakeup_isr
                0x080095d0                blocking_handler
                0x080095d0                tim5_isr
                0x080095d0                otg_fs_isr
                0x080095d0                spi1_isr
                0x080095d0                dma1_channel6_isr
                0x080095d0                exti2_isr
                0x080095d0                can_rx1_isr
                0x080095d0                dma1_channel5_isr
                0x080095d0                dma2_channel5_isr
                0x080095d0                usart1_isr
                0x080095d0                usage_fault_handler
                0x080095d0                tim8_trg_com_isr
                0x080095d0                can2_rx0_isr
                0x080095d0                tim1_brk_isr
                0x080095d0                can2_rx1_isr
                0x080095d0                sdio_isr
                0x080095d0                eth_isr
                0x080095d0                dma1_channel4_isr
                0x080095d0                tim8_brk_isr
                0x080095d0                dma2_channel4_5_isr
                0x080095d0                pvd_isr
                0x080095d0                rcc_isr
                0x080095d0                flash_isr
                0x080095d0                uart4_isr
                0x080095d0                rtc_alarm_isr
                0x080095d0                exti15_10_isr
                0x080095d0                hard_fault_handler
                0x080095d0                i2c1_ev_isr
                0x080095d0                dma2_channel1_isr
                0x080095d0                spi2_isr
                0x080095d0                tim8_up_isr
                0x080095d0                dma2_channel2_isr
                0x080095d0                adc3_isr
                0x080095d0                exti3_isr
                0x080095d0                usb_lp_can_rx0_isr
                0x080095d0                i2c2_er_isr
                0x080095d0                i2c2_ev_isr
                0x080095d0                uart5_isr
                0x080095d0                fsmc_isr
                0x080095d0                dma1_channel1_isr
                0x080095d0                exti4_isr
                0x080095d0                mem_manage_handler
                0x080095d0                can2_tx_isr
                0x080095d0                dma2_channel3_isr
                0x080095d0                dma1_channel7_isr
                0x080095d0                tim1_up_isr
                0x080095d0                can2_sce_isr
                0x080095d0                dma1_channel2_isr
                0x080095d0                i2c1_er_isr
                0x080095d0                can_sce_isr
                0x080095d0                tim8_cc_isr
                0x080095d0                tamper_isr
                0x080095d0                eth_wkup_isr
                0x080095d0                bus_fault_handler
                0x080095d0                wwdg_isr
                0x080095d0                dma1_channel3_isr
                0x080095d0                spi3_isr
                0x080095d0                tim2_isr
                0x080095d0                exti0_isr
 .text.null_handler
                0x080095d2        0x2 /home/sloped-soarer/eclipse_work/rfmodule/libopencm3/lib/libopencm3_stm32f1.a(vector.o)
                0x080095d2                null_handler
                0x080095d2                sv_call_handler
                0x080095d2                pend_sv_handler
                0x080095d2                debug_monitor_handler
                0x080095d2                nmi_handler
 .text.reset_handler
                0x080095d4       0x44 /home/sloped-soarer/eclipse_work/rfmodule/libopencm3/lib/libopencm3_stm32f1.a(vector.o)
                0x080095d4                reset_handler
 .text.systick_set_reload
                0x08009618       0x10 /home/sloped-soarer/eclipse_work/rfmodule/libopencm3/lib/libopencm3_stm32f1.a(systick.o)
                0x08009618                systick_set_reload
 .text.systick_set_clocksource
                0x08009628       0x14 /home/sloped-soarer/eclipse_work/rfmodule/libopencm3/lib/libopencm3_stm32f1.a(systick.o)
                0x08009628                systick_set_clocksource
 .text.systick_interrupt_enable
                0x0800963c       0x10 /home/sloped-soarer/eclipse_work/rfmodule/libopencm3/lib/libopencm3_stm32f1.a(systick.o)
                0x0800963c                systick_interrupt_enable
 .text.systick_counter_enable
                0x0800964c       0x10 /home/sloped-soarer/eclipse_work/rfmodule/libopencm3/lib/libopencm3_stm32f1.a(systick.o)
                0x0800964c                systick_counter_enable
 .text.scb_set_priority_grouping
                0x0800965c       0x14 /home/sloped-soarer/eclipse_work/rfmodule/libopencm3/lib/libopencm3_stm32f1.a(scb.o)
                0x0800965c                scb_set_priority_grouping
 .text.nvic_enable_irq
                0x08009670       0x1a /home/sloped-soarer/eclipse_work/rfmodule/libopencm3/lib/libopencm3_stm32f1.a(nvic.o)
                0x08009670                nvic_enable_irq
 *fill*         0x0800968a        0x2 00
 .text.nvic_disable_irq
                0x0800968c       0x18 /home/sloped-soarer/eclipse_work/rfmodule/libopencm3/lib/libopencm3_stm32f1.a(nvic.o)
                0x0800968c                nvic_disable_irq
 .text.nvic_set_priority
                0x080096a4       0x20 /home/sloped-soarer/eclipse_work/rfmodule/libopencm3/lib/libopencm3_stm32f1.a(nvic.o)
                0x080096a4                nvic_set_priority
 .text          0x080096c4       0x18 /usr/local/gcc-arm-none-eabi-4_7-2013q3/bin/../lib/gcc/arm-none-eabi/4.7.4/armv7-m/libgcc.a(_ashldi3.o)
                0x080096c4                __ashldi3
                0x080096c4                __aeabi_llsl
 .text.memcpy   0x080096dc       0x12 /usr/local/gcc-arm-none-eabi-4_7-2013q3/bin/../lib/gcc/arm-none-eabi/4.7.4/../../../../arm-none-eabi/lib/armv7-m/libc_s.a(lib_a-memcpy.o)
                0x080096dc                memcpy
 .text.memset   0x080096ee       0x10 /usr/local/gcc-arm-none-eabi-4_7-2013q3/bin/../lib/gcc/arm-none-eabi/4.7.4/../../../../arm-none-eabi/lib/armv7-m/libc_s.a(lib_a-memset.o)
                0x080096ee                memset
                0x08009700                . = ALIGN (0x4)
 *fill*         0x080096fe        0x2 00
 *(.rodata*)
 .rodata.str1.1
                0x08009700      0x156 ./target/unimod/unimod.o
                                0x159 (size before relaxing)
 .rodata.CSWTCH.21
                0x08009856       0x16 ./target/unimod/unimod.o
 .rodata.CSWTCH.32
                0x0800986c       0x58 ./target/unimod/unimod.o
 .rodata.CSWTCH.13
                0x080098c4        0x7 ./protocol/spi/a7105.o
 .rodata.CSWTCH.14
                0x080098cb        0x7 ./protocol/spi/a7105.o
 .rodata.CSWTCH.26
                0x080098d2        0x5 ./protocol/spi/nrf24l01.o
 .rodata.str1.1
                0x080098d7       0x11 ./protocol/devo_cyrf6936.o
 .rodata.gpsaltpkt.6715
                0x080098e8        0x2 ./protocol/devo_cyrf6936.o
 .rodata.sopcodes
                0x080098ea       0x50 ./protocol/devo_cyrf6936.o
 .rodata.gpslatpkt.6714
                0x0800993a        0x2 ./protocol/devo_cyrf6936.o
 .rodata.gpsspeedpkt.6716
                0x0800993c        0x2 ./protocol/devo_cyrf6936.o
 .rodata.voltpkt.6711
                0x0800993e        0x6 ./protocol/devo_cyrf6936.o
 .rodata.gpslongpkt.6713
                0x08009944        0x2 ./protocol/devo_cyrf6936.o
 .rodata.gpstimepkt.6717
                0x08009946        0x2 ./protocol/devo_cyrf6936.o
 .rodata.temppkt.6712
                0x08009948        0x5 ./protocol/devo_cyrf6936.o
 *fill*         0x0800994d        0x3 00
 .rodata.devo_opts
                0x08009950       0x14 ./protocol/devo_cyrf6936.o
 .rodata.ch_map6
                0x08009964        0x7 ./protocol/dsm2_cyrf6936.o
 .rodata.update16.7177
                0x0800996b        0x4 ./protocol/dsm2_cyrf6936.o
 .rodata.ch_map8
                0x0800996f        0xe ./protocol/dsm2_cyrf6936.o
 .rodata.ch_map7
                0x0800997d        0x7 ./protocol/dsm2_cyrf6936.o
 .rodata.ch_map
                0x08009984       0x24 ./protocol/dsm2_cyrf6936.o
 .rodata.dsm_opts
                0x080099a8       0x14 ./protocol/dsm2_cyrf6936.o
 .rodata.data_vals
                0x080099bc       0x1e ./protocol/dsm2_cyrf6936.o
 .rodata.init_vals
                0x080099da       0x30 ./protocol/dsm2_cyrf6936.o
 .rodata.ch_map11
                0x08009a0a        0xe ./protocol/dsm2_cyrf6936.o
 .rodata.str1.1
                0x00000000       0x11 ./protocol/dsm2_cyrf6936.o
 .rodata.ch_map12
                0x08009a18        0xe ./protocol/dsm2_cyrf6936.o
 .rodata.update7f.7175
                0x08009a26        0x8 ./protocol/dsm2_cyrf6936.o
 .rodata.update17.7178
                0x08009a2e        0x3 ./protocol/dsm2_cyrf6936.o
 .rodata.ch_map10
                0x08009a31        0xe ./protocol/dsm2_cyrf6936.o
 .rodata.ch_map4
                0x08009a3f        0x7 ./protocol/dsm2_cyrf6936.o
 .rodata.pncodes
                0x08009a46      0x168 ./protocol/dsm2_cyrf6936.o
 .rodata.pn_bind
                0x08009bae        0x8 ./protocol/dsm2_cyrf6936.o
 .rodata.update7e.7176
                0x08009bb6        0x4 ./protocol/dsm2_cyrf6936.o
 .rodata.ch_map5
                0x08009bba        0x7 ./protocol/dsm2_cyrf6936.o
 .rodata.ch_map9
                0x08009bc1        0xe ./protocol/dsm2_cyrf6936.o
 .rodata.binding_adr_rf
                0x08009bcf        0x5 ./protocol/fbl100_nrf24l01_rick.o
 .rodata.flysky_opts
                0x08009bd4       0x14 ./protocol/flysky_a7105_rick.o
 .rodata.str1.1
                0x08009be8        0xc ./protocol/flysky_a7105_rick.o
                                 0x13 (size before relaxing)
 .rodata.tx_channels
                0x08009bf4      0x100 ./protocol/flysky_a7105_rick.o
 .rodata.frsky_opts
                0x08009cf4       0x14 ./protocol/frsky1way_cc2500_rick.o
 .rodata.str1.1
                0x08009d08       0x14 ./protocol/frsky1way_cc2500_rick.o
 .rodata.frsky_opts
                0x08009d1c       0x24 ./protocol/frsky2way_cc2500_rick.o
 .rodata.str1.1
                0x00000000       0x25 ./protocol/frsky2way_cc2500_rick.o
 .rodata        0x08009d40       0x14 ./protocol/h377_nrf24l01.o
 .rodata.rf_adr_buf_data
                0x08009d54       0x2d ./protocol/h377_nrf24l01.o
 .rodata.bind_buf_arry_data
                0x08009d81       0x24 ./protocol/h377_nrf24l01.o
 .rodata.binding_adr_rf
                0x08009da5        0x5 ./protocol/h377_nrf24l01.o
 .rodata.str1.1
                0x08009daa       0x25 ./protocol/h377_nrf24l01.o
 .rodata.hopping_frequency_data
                0x08009dcf        0x9 ./protocol/h377_nrf24l01.o
 .rodata        0x08009dd8       0x14 ./protocol/hisky_nrf24l01.o
 .rodata.binding_adr_rf
                0x08009dec        0x5 ./protocol/hisky_nrf24l01.o
 .rodata.str1.1
                0x00000000       0x25 ./protocol/hisky_nrf24l01.o
 .rodata.bind_addr
                0x08009df1        0x6 ./protocol/hm830_nrf24l01.o
 .rodata        0x08009df7       0x14 ./protocol/hm830_nrf24l01.o
 .rodata.str1.1
                0x00000000       0x19 ./protocol/hm830_nrf24l01.o
 .rodata.rf_ch  0x08009e0b        0x7 ./protocol/hm830_nrf24l01.o
 .rodata.init_vals
                0x08009e12       0x28 ./protocol/hm830_nrf24l01.o
 .rodata.allowed_ch
                0x08009e3a        0xc ./protocol/hubsan_a7105.o
 .rodata.telempkt.7117
                0x08009e46        0x2 ./protocol/hubsan_a7105.o
 .rodata.str1.1
                0x08009e48       0x12 ./protocol/hubsan_a7105.o
                                 0x25 (size before relaxing)
 *fill*         0x08009e5a        0x2 00
 .rodata.hubsan4_opts
                0x08009e5c       0x28 ./protocol/hubsan_a7105.o
 .rodata.sopcodes
                0x08009e84       0x98 ./protocol/j6pro_cyrf6936.o
 .rodata.data_code
                0x08009f1c       0x10 ./protocol/j6pro_cyrf6936.o
                0x08009f1c                data_code
 .rodata.bind_sop_code
                0x08009f2c        0x8 ./protocol/j6pro_cyrf6936.o
                0x08009f2c                bind_sop_code
 .rodata.mpx_serial_opts
                0x08009f34       0x14 ./protocol/mpx_serial.o
 .rodata.str1.1
                0x08009f48        0xf ./protocol/mpx_serial.o
                                 0x20 (size before relaxing)
 *fill*         0x08009f57        0x1 00
 .rodata.ppm_opts
                0x08009f58       0x54 ./protocol/ppmout.o
 .rodata.str1.1
                0x08009fac       0x56 ./protocol/ppmout.o
                                 0x5a (size before relaxing)
 *fill*         0x0800a002        0x2 00
 .rodata.ProtocolNames
                0x0800a004       0x5c ./protocol/protocol.o
                0x0800a004                ProtocolNames
 .rodata.EATRG  0x0800a060        0x5 ./protocol/protocol.o
                0x0800a060                EATRG
 .rodata.TAERG  0x0800a065        0x5 ./protocol/protocol.o
 .rodata.str1.1
                0x0800a06a       0x98 ./protocol/protocol.o
 .rodata.AETRG  0x0800a102        0x5 ./protocol/protocol.o
 .rodata.CSWTCH.31
                0x0800a107       0x13 ./protocol/protocol.o
 .rodata        0x0800a11a       0x18 ./protocol/slt_nrf24l01.o
 .rodata.bind_addr.6806
                0x0800a132        0x4 ./protocol/slt_nrf24l01.o
 .rodata.str1.1
                0x00000000       0x25 ./protocol/slt_nrf24l01.o
 .rodata.init_vals
                0x0800a136        0xe ./protocol/slt_nrf24l01.o
 .rodata        0x0800a144       0x1e ./protocol/v202_nrf24l01.o
 .rodata.CSWTCH.41
                0x0800a162       0x11 ./protocol/v202_nrf24l01.o
 .rodata.str1.1
                0x0800a173        0xf ./protocol/v202_nrf24l01.o
                                 0x34 (size before relaxing)
 *fill*         0x0800a182        0x2 00
 .rodata.v202_opts
                0x0800a184       0x14 ./protocol/v202_nrf24l01.o
 .rodata.freq_hopping
                0x0800a198       0x40 ./protocol/v202_nrf24l01.o
 .rodata.init_2601
                0x0800a1d8        0x5 ./protocol/wk2x01.o
 .rodata.sopcodes
                0x0800a1dd        0x8 ./protocol/wk2x01.o
 .rodata.init_2401
                0x0800a1e5        0x5 ./protocol/wk2x01.o
 .rodata.str1.1
                0x0800a1ea       0x3e ./protocol/wk2x01.o
                                 0x42 (size before relaxing)
 .rodata.init_2801
                0x0800a228        0x5 ./protocol/wk2x01.o
 .rodata.fail_map
                0x0800a22d        0x8 ./protocol/wk2x01.o
 *fill*         0x0800a235        0x3 00
 .rodata.wk2601_opts
                0x0800a238       0x38 ./protocol/wk2x01.o
 .rodata        0x0800a270       0x19 ./protocol/yd717_nrf24l01.o
 *fill*         0x0800a289        0x3 00
 .rodata.yd717_opts
                0x0800a28c       0x28 ./protocol/yd717_nrf24l01.o
 .rodata.str1.1
                0x0800a2b4       0x21 ./protocol/yd717_nrf24l01.o
                                 0x47 (size before relaxing)
 .rodata.CSWTCH.30
                0x0800a2d5       0x11 ./protocol/yd717_nrf24l01.o
                0x0800a2e8                . = ALIGN (0x4)
 *fill*         0x0800a2e6        0x2 00

.glue_7         0x0800a2e8        0x0
 .glue_7        0x00000000        0x0 linker stubs

.glue_7t        0x0800a2e8        0x0
 .glue_7t       0x00000000        0x0 linker stubs

.vfp11_veneer   0x0800a2e8        0x0
 .vfp11_veneer  0x00000000        0x0 linker stubs

.v4_bx          0x0800a2e8        0x0
 .v4_bx         0x00000000        0x0 linker stubs

.iplt           0x0800a2e8        0x0
 .iplt          0x00000000        0x0 ./target/unimod/channels.o

.rel.dyn        0x0800a2e8        0x0
 .rel.iplt      0x00000000        0x0 ./target/unimod/channels.o

.ARM.extab
 *(.ARM.extab*)

.ARM.exidx      0x0800a2e8        0x0
                0x0800a2e8                __exidx_start = .
 *(.ARM.exidx*)
                0x0800a2e8                __exidx_end = .
                0x0800a2e8                . = ALIGN (0x4)
                0x0800a2e8                _etext = .

.data           0x20000000       0x84 load address 0x0800a2e8
                0x20000000                _data = .
 *(.data*)
 .data.proto_mode
                0x20000000        0x1 ./target/unimod/unimod.o
                0x20000000                proto_mode
 .data.rf_adr_buf
                0x20000001        0x5 ./protocol/fbl100_nrf24l01_rick.o
 .data.channel_table
                0x20000006       0x14 ./protocol/fbl100_nrf24l01_rick.o
 .data.read_ptr.7314
                0x2000001a        0x1 ./protocol/mpx_serial.o
 .data.need_to_sync.7181
                0x2000001b        0x1 ./protocol/ppm_ic.o
 .data.ProtocolChannelMap
                0x2000001c       0x5c ./protocol/protocol.o
                0x2000001c                ProtocolChannelMap
 .data.rand_seed
                0x20000078        0x4 ./misc.o
 .data.rcc_ppre1_frequency
                0x2000007c        0x4 /home/sloped-soarer/eclipse_work/rfmodule/libopencm3/lib/libopencm3_stm32f1.a(rcc.o)
                0x2000007c                rcc_ppre1_frequency
 .data.rcc_ppre2_frequency
                0x20000080        0x4 /home/sloped-soarer/eclipse_work/rfmodule/libopencm3/lib/libopencm3_stm32f1.a(rcc.o)
                0x20000080                rcc_ppre2_frequency
                0x20000084                . = ALIGN (0x4)
                0x20000084                _edata = .
                0x0800a2e8                _data_loadaddr = LOADADDR (.data)

.igot.plt       0x20000084        0x0 load address 0x0800a36c
 .igot.plt      0x00000000        0x0 ./target/unimod/channels.o

.bss            0x20000084     0x110c load address 0x0800a36c
 *(.bss*)
 .bss.stdout_putf
                0x20000084        0x4 ./target/unimod/printf.o
 .bss.stdout_putp
                0x20000088        0x4 ./target/unimod/printf.o
 .bss.bind_press_time
                0x2000008c        0x4 ./target/unimod/unimod.o
                0x2000008c                bind_press_time
 .bss.prev_state.7471
                0x20000090        0x1 ./target/unimod/unimod.o
 *fill*         0x20000091        0x3 00
 .bss.press_t.7473
                0x20000094        0x4 ./target/unimod/unimod.o
 .bss.g_sync_count
                0x20000098        0x1 ./target/unimod/unimod.o
                0x20000098                g_sync_count
 *fill*         0x20000099        0x3 00
 .bss.timer_callback
                0x2000009c        0x4 ./target/common/devo/clock.o
                0x2000009c                timer_callback
 .bss.i         0x200000a0        0x1 ./target/common/devo/ppmin.o
 .bss.j         0x200000a1        0x1 ./target/common/devo/ppmin.o
 .bss.k         0x200000a2        0x4 ./target/common/devo/ppmin.o
 .bss.t0        0x200000a6        0x2 ./target/common/devo/ppmin.o
 .bss.ppmSync   0x200000a8        0x1 ./target/common/devo/ppmin.o
                0x200000a8                ppmSync
 .bss.rf_setup  0x200000a9        0x1 ./protocol/spi/nrf24l01.o
 .bss.pkt_num   0x200000aa        0x1 ./protocol/devo_cyrf6936.o
 .bss.radio_ch  0x200000ab        0x5 ./protocol/devo_cyrf6936.o
 .bss.state     0x200000b0        0x1 ./protocol/devo_cyrf6936.o
 .bss.cyrfmfg_id
                0x200000b1        0x6 ./protocol/devo_cyrf6936.o
 *fill*         0x200000b7        0x1 00
 .bss.bind_counter
                0x200000b8        0x2 ./protocol/devo_cyrf6936.o
 *fill*         0x200000ba        0x2 00
 .bss.radio_ch_ptr
                0x200000bc        0x4 ./protocol/devo_cyrf6936.o
 .bss.ch_idx    0x200000c0        0x1 ./protocol/devo_cyrf6936.o
 .bss.txState   0x200000c1        0x1 ./protocol/devo_cyrf6936.o
 .bss.use_fixed_id
                0x200000c2        0x1 ./protocol/devo_cyrf6936.o
 .bss.num_channels
                0x200000c3        0x1 ./protocol/devo_cyrf6936.o
 .bss.failsafe_pkt
                0x200000c4        0x1 ./protocol/devo_cyrf6936.o
 *fill*         0x200000c5        0x3 00
 .bss.fixed_id  0x200000c8        0x4 ./protocol/devo_cyrf6936.o
 .bss.packet    0x200000cc       0x10 ./protocol/devo_cyrf6936.o
 .bss.altitude.7174
                0x200000dc        0x4 ./protocol/dsm2_cyrf6936.o
 .bss.cyrfmfg_id
                0x200000e0        0x6 ./protocol/dsm2_cyrf6936.o
 .bss.counter.6751
                0x200000e6        0x1 ./protocol/fbl100_nrf24l01_rick.o
 *fill*         0x200000e7        0x1 00
 .bss.ch_data   0x200000e8       0x20 ./protocol/fbl100_nrf24l01_rick.o
 .bss.bind_data
                0x20000108       0x28 ./protocol/fbl100_nrf24l01_rick.o
 .bss.channel_index
                0x20000130        0x1 ./protocol/fbl100_nrf24l01_rick.o
 .bss.payload   0x20000131        0xa ./protocol/fbl100_nrf24l01_rick.o
 .bss.channel_index.6752
                0x2000013b        0x1 ./protocol/fbl100_nrf24l01_rick.o
 .bss.chancol   0x2000013c        0x1 ./protocol/flysky_a7105_rick.o
 *fill*         0x2000013d        0x3 00
 .bss.id        0x20000140        0x4 ./protocol/flysky_a7105_rick.o
 .bss.chanoffset
                0x20000144        0x1 ./protocol/flysky_a7105_rick.o
 .bss.chanrow   0x20000145        0x1 ./protocol/flysky_a7105_rick.o
 .bss.packet    0x20000146       0x15 ./protocol/flysky_a7105_rick.o
 *fill*         0x2000015b        0x1 00
 .bss.counter   0x2000015c        0x2 ./protocol/flysky_a7105_rick.o
 .bss.channel_offset
                0x2000015e        0x1 ./protocol/frsky1way_cc2500_rick.o
 *fill*         0x2000015f        0x1 00
 .bss.seed      0x20000160        0x4 ./protocol/frsky1way_cc2500_rick.o
 .bss.counter.6703
                0x20000164        0x1 ./protocol/frsky1way_cc2500_rick.o
 .bss.bind_idx.6692
                0x20000165        0x1 ./protocol/frsky1way_cc2500_rick.o
 .bss.frsky_id  0x20000166        0x2 ./protocol/frsky1way_cc2500_rick.o
 .bss.channels_used
                0x20000168       0x32 ./protocol/frsky1way_cc2500_rick.o
 .bss.dp_crc_init
                0x2000019a        0x1 ./protocol/frsky1way_cc2500_rick.o
 .bss.data_idx.6695
                0x2000019b        0x1 ./protocol/frsky1way_cc2500_rick.o
 .bss.packet    0x2000019c       0x10 ./protocol/frsky1way_cc2500_rick.o
 .bss.channel_offset
                0x200001ac        0x1 ./protocol/frsky2way_cc2500_rick.o
 .bss.len.6717  0x200001ad        0x1 ./protocol/frsky2way_cc2500_rick.o
 .bss.packet_number
                0x200001ae        0x1 ./protocol/frsky2way_cc2500_rick.o
 *fill*         0x200001af        0x1 00
 .bss.frsky_id  0x200001b0        0x2 ./protocol/frsky2way_cc2500_rick.o
 .bss.bind_idx.6704
                0x200001b2        0x1 ./protocol/frsky2way_cc2500_rick.o
 .bss.channels_used
                0x200001b3       0x32 ./protocol/frsky2way_cc2500_rick.o
 .bss.start_tx_rx.6716
                0x200001e5        0x1 ./protocol/frsky2way_cc2500_rick.o
 .bss.packet    0x200001e6       0x19 ./protocol/frsky2way_cc2500_rick.o
 .bss.counter1ms
                0x200001ff        0x1 ./protocol/h377_nrf24l01.o
 .bss.hopping_frequency
                0x20000200       0x14 ./protocol/h377_nrf24l01.o
 .bss.bind_buf_arry
                0x20000214        0xa ./protocol/h377_nrf24l01.o
 *fill*         0x2000021e        0x2 00
 .bss.ch_data   0x20000220       0x20 ./protocol/h377_nrf24l01.o
 .bss.select_ch_id
                0x20000240        0x4 ./protocol/h377_nrf24l01.o
 .bss.hopping_frequency_no
                0x20000244        0x1 ./protocol/h377_nrf24l01.o
 .bss.rf_adr_buf
                0x20000245        0x5 ./protocol/h377_nrf24l01.o
 .bss.payload   0x2000024a        0xa ./protocol/h377_nrf24l01.o
 .bss.counter   0x20000254        0x4 ./protocol/h377_nrf24l01.o
 .bss.counter1ms
                0x20000258        0x1 ./protocol/hisky_nrf24l01.o
 .bss.hopping_frequency
                0x20000259       0x14 ./protocol/hisky_nrf24l01.o
 .bss.bind_buf_arry
                0x2000026d       0x28 ./protocol/hisky_nrf24l01.o
 *fill*         0x20000295        0x3 00
 .bss.ch_data   0x20000298       0x20 ./protocol/hisky_nrf24l01.o
 .bss.binding_idx
                0x200002b8        0x1 ./protocol/hisky_nrf24l01.o
 .bss.hopping_frequency_no
                0x200002b9        0x1 ./protocol/hisky_nrf24l01.o
 .bss.rf_adr_buf
                0x200002ba        0x5 ./protocol/hisky_nrf24l01.o
 .bss.payload   0x200002bf        0xa ./protocol/hisky_nrf24l01.o
 *fill*         0x200002c9        0x3 00
 .bss.counter   0x200002cc        0x4 ./protocol/hisky_nrf24l01.o
 .bss.phase     0x200002d0        0x1 ./protocol/hm830_nrf24l01.o
 .bss.count     0x200002d1        0x1 ./protocol/hm830_nrf24l01.o
 .bss.rx_addr   0x200002d2        0x6 ./protocol/hm830_nrf24l01.o
 .bss.packet    0x200002d8        0x7 ./protocol/hm830_nrf24l01.o
 *fill*         0x200002df        0x1 00
 .bss.vtx_freq.7106
                0x200002e0        0x2 ./protocol/hubsan_a7105.o
 .bss.packet_count
                0x200002e2        0x1 ./protocol/hubsan_a7105.o
 .bss.state     0x200002e3        0x1 ./protocol/hubsan_a7105.o
 .bss.channel   0x200002e4        0x1 ./protocol/hubsan_a7105.o
 .bss.txState.7123
                0x200002e5        0x1 ./protocol/hubsan_a7105.o
 *fill*         0x200002e6        0x2 00
 .bss.sessionid
                0x200002e8        0x4 ./protocol/hubsan_a7105.o
 .bss.delay.7124
                0x200002ec        0x4 ./protocol/hubsan_a7105.o
 .bss.rfMode.7125
                0x200002f0        0x1 ./protocol/hubsan_a7105.o
 .bss.packet    0x200002f1       0x10 ./protocol/hubsan_a7105.o
 .bss.radio_ch  0x20000301        0x4 ./protocol/j6pro_cyrf6936.o
 .bss.state     0x20000305        0x1 ./protocol/j6pro_cyrf6936.o
 .bss.cyrfmfg_id
                0x20000306        0x6 ./protocol/j6pro_cyrf6936.o
 .bss.num_channels
                0x2000030c        0x1 ./protocol/j6pro_cyrf6936.o
 .bss.packet    0x2000030d       0x10 ./protocol/j6pro_cyrf6936.o
 .bss.telem_channel.7324
                0x2000031d        0x1 ./protocol/mpx_serial.o
 *fill*         0x2000031e        0x2 00
 .bss.mpx_telem.7338
                0x20000320        0x4 ./protocol/mpx_serial.o
 .bss.tx_ptr.7318
                0x20000324        0x1 ./protocol/mpx_serial.o
 .bss.servo_count.7317
                0x20000325        0x1 ./protocol/mpx_serial.o
 .bss.write_ptr.7315
                0x20000326        0x1 ./protocol/mpx_serial.o
 *fill*         0x20000327        0x1 00
 .bss.previous_cnt.7316
                0x20000328        0x2 ./protocol/mpx_serial.o
 .bss.channel_count.7180
                0x2000032a        0x1 ./protocol/ppm_ic.o
 *fill*         0x2000032b        0x1 00
 .bss.ccr_previous.7179
                0x2000032c        0x2 ./protocol/ppm_ic.o
 .bss.accum.6656
                0x2000032e        0x2 ./protocol/ppmout.o
 .bss.pulses    0x20000330       0x22 ./protocol/ppmout.o
 .bss.ail_start.7251
                0x20000352        0x2 ./protocol/protocol.o
 .bss.ele_start.7250
                0x20000354        0x2 ./protocol/protocol.o
 *fill*         0x20000356        0x2 00
 .bss.bind_time
                0x20000358        0x4 ./protocol/protocol.o
 .bss.proto_state
                0x2000035c        0x1 ./protocol/protocol.o
 *fill*         0x2000035d        0x3 00
 .bss.PROTO_Cmds
                0x20000360        0x4 ./protocol/protocol.o
                0x20000360                PROTO_Cmds
 .bss.packet_counter
                0x20000364        0x4 ./protocol/slt_nrf24l01.o
 .bss.tx_id     0x20000368        0x4 ./protocol/slt_nrf24l01.o
 .bss.phase     0x2000036c        0x1 ./protocol/slt_nrf24l01.o
 .bss.rf_ch_num
                0x2000036d        0x1 ./protocol/slt_nrf24l01.o
 .bss.rf_channels
                0x2000036e        0xf ./protocol/slt_nrf24l01.o
 .bss.packet_sent
                0x2000037d        0x1 ./protocol/slt_nrf24l01.o
 .bss.packet    0x2000037e        0x7 ./protocol/slt_nrf24l01.o
 .bss.tx_power  0x20000385        0x1 ./protocol/slt_nrf24l01.o
 .bss.counter   0x20000386        0x2 ./protocol/slt_nrf24l01.o
 .bss.rudder    0x20000388        0x1 ./protocol/v202_nrf24l01.o
 .bss.aileron   0x20000389        0x1 ./protocol/v202_nrf24l01.o
 *fill*         0x2000038a        0x2 00
 .bss.packet_counter
                0x2000038c        0x4 ./protocol/v202_nrf24l01.o
 .bss.flags     0x20000390        0x1 ./protocol/v202_nrf24l01.o
 .bss.tx_id     0x20000391        0x3 ./protocol/v202_nrf24l01.o
 .bss.phase     0x20000394        0x1 ./protocol/v202_nrf24l01.o
 .bss.rf_ch_num
                0x20000395        0x1 ./protocol/v202_nrf24l01.o
 .bss.rf_channels
                0x20000396       0x10 ./protocol/v202_nrf24l01.o
 .bss.packet_sent
                0x200003a6        0x1 ./protocol/v202_nrf24l01.o
 .bss.elevator  0x200003a7        0x1 ./protocol/v202_nrf24l01.o
 .bss.throttle  0x200003a8        0x1 ./protocol/v202_nrf24l01.o
 *fill*         0x200003a9        0x1 00
 .bss.led_blink_count
                0x200003aa        0x2 ./protocol/v202_nrf24l01.o
 .bss.packet    0x200003ac       0x10 ./protocol/v202_nrf24l01.o
 .bss.tx_power  0x200003bc        0x1 ./protocol/v202_nrf24l01.o
 *fill*         0x200003bd        0x1 00
 .bss.counter   0x200003be        0x2 ./protocol/v202_nrf24l01.o
 .bss.pkt_num   0x200003c0        0x1 ./protocol/wk2x01.o
 *fill*         0x200003c1        0x3 00
 .bss.radio_ch_ptr
                0x200003c4        0x4 ./protocol/wk2x01.o
 .bss.last_beacon
                0x200003c8        0x1 ./protocol/wk2x01.o
 .bss.radio_ch  0x200003c9        0x3 ./protocol/wk2x01.o
 .bss.bind_counter
                0x200003cc        0x2 ./protocol/wk2x01.o
 .bss.state     0x200003ce        0x1 ./protocol/wk2x01.o
 .bss.txState   0x200003cf        0x1 ./protocol/wk2x01.o
 .bss.fixed_id  0x200003d0        0x4 ./protocol/wk2x01.o
 .bss.packet    0x200003d4       0x10 ./protocol/wk2x01.o
 .bss.rudder    0x200003e4        0x1 ./protocol/yd717_nrf24l01.o
 *fill*         0x200003e5        0x3 00
 .bss.packet_counter
                0x200003e8        0x4 ./protocol/yd717_nrf24l01.o
 .bss.flags     0x200003ec        0x1 ./protocol/yd717_nrf24l01.o
 .bss.elevator  0x200003ed        0x1 ./protocol/yd717_nrf24l01.o
 .bss.phase     0x200003ee        0x1 ./protocol/yd717_nrf24l01.o
 .bss.rx_tx_addr
                0x200003ef        0x5 ./protocol/yd717_nrf24l01.o
 .bss.frameloss.6783
                0x200003f4        0x1 ./protocol/yd717_nrf24l01.o
 .bss.aileron_trim
                0x200003f5        0x1 ./protocol/yd717_nrf24l01.o
 .bss.elevator_trim
                0x200003f6        0x1 ./protocol/yd717_nrf24l01.o
 .bss.throttle  0x200003f7        0x1 ./protocol/yd717_nrf24l01.o
 .bss.rudder_trim
                0x200003f8        0x1 ./protocol/yd717_nrf24l01.o
 .bss.packet    0x200003f9        0x9 ./protocol/yd717_nrf24l01.o
 .bss.counter   0x20000402        0x2 ./protocol/yd717_nrf24l01.o
 .bss.tx_power  0x20000404        0x1 ./protocol/yd717_nrf24l01.o
 .bss.aileron   0x20000405        0x1 ./protocol/yd717_nrf24l01.o
 .bss.raw       0x20000406       0x6a ./mixer.o
 *(COMMON)
 COMMON         0x20000470       0x18 ./target/common/devo/clock.o
                0x20000470                msec_callbacks
                0x20000474                msecs
                0x20000478                wdg_time
                0x2000047c                msec_cbtime
 COMMON         0x20000488       0x12 ./target/common/devo/ppmin.o
                0x20000488                ppmin_num_channels
                0x2000048a                ppmChannels
 COMMON         0x2000049a       0x32 ./protocol/dsm2_cyrf6936.o
                0x2000049a                packet
                0x200004aa                chidx
                0x200004ab                model
                0x200004ac                state
                0x200004ae                crc
                0x200004b0                sop_col
                0x200004b1                crcidx
                0x200004b2                channels
                0x200004c9                num_channels
                0x200004ca                data_col
                0x200004cb                binding
 COMMON         0x200004cc        0x1 ./protocol/fbl100_nrf24l01_rick.o
                0x200004cc                bind
 *fill*         0x200004cd        0x3 00
 COMMON         0x200004d0       0x74 ./protocol/mpx_serial.o
                0x200004d0                mpx_telem_pkt
                0x200004d5                l_buffer
                0x20000508                mpx_telemetry
 COMMON         0x20000544      0xb48 ./main.o
                0x20000544                priority_ready
                0x20000548                Model
 COMMON         0x2000108c       0xa0 ./mixer.o
                0x2000108c                Channels
                0x200010ac                Transmitter
 COMMON         0x2000112c       0x64 ./telemetry.o
                0x2000112c                Telemetry
                0x20001190                . = ALIGN (0x4)
                0x20001190                _ebss = .

/DISCARD/
 *(.eh_frame)
                0x20001190                . = ALIGN (0x4)
                0x20001190                end = .
                0x20005000                PROVIDE (_stack, (ORIGIN (ram) + 0x5000))
OUTPUT(rfmodule.elf elf32-littlearm)

.debug_info     0x00000000    0x2ef54
 .debug_info    0x00000000      0x823 ./target/unimod/channels.o
 .debug_info    0x00000823      0x6b6 ./target/unimod/printf.o
 .debug_info    0x00000ed9     0x1fa3 ./target/unimod/unimod.o
 .debug_info    0x00002e7c      0xd15 ./target/common/devo/protocol/pwm.o
 .debug_info    0x00003b91      0xbd7 ./target/common/devo/clock.o
 .debug_info    0x00004768     0x115d ./target/common/devo/ppmin.o
 .debug_info    0x000058c5      0x5bb ./target/common/devo/tx_misc.o
 .debug_info    0x00005e80      0x31e ./target/common/devo/uart.o
 .debug_info    0x0000619e      0x962 ./protocol/spi/a7105.o
 .debug_info    0x00006b00      0x81c ./protocol/spi/cc2500.o
 .debug_info    0x0000731c      0xfb2 ./protocol/spi/cyrf6936.o
 .debug_info    0x000082ce      0xc60 ./protocol/spi/nrf24l01.o
 .debug_info    0x00008f2e     0x1d6d ./protocol/devo_cyrf6936.o
 .debug_info    0x0000ac9b     0x203f ./protocol/dsm2_cyrf6936.o
 .debug_info    0x0000ccda     0x11b9 ./protocol/fbl100_nrf24l01_rick.o
 .debug_info    0x0000de93     0x1857 ./protocol/flysky_a7105_rick.o
 .debug_info    0x0000f6ea     0x1759 ./protocol/frsky1way_cc2500_rick.o
 .debug_info    0x00010e43     0x1abc ./protocol/frsky2way_cc2500_rick.o
 .debug_info    0x000128ff     0x1537 ./protocol/h377_nrf24l01.o
 .debug_info    0x00013e36     0x16be ./protocol/hisky_nrf24l01.o
 .debug_info    0x000154f4     0x19f1 ./protocol/hm830_nrf24l01.o
 .debug_info    0x00016ee5     0x1cb9 ./protocol/hubsan_a7105.o
 .debug_info    0x00018b9e     0x154b ./protocol/j6pro_cyrf6936.o
 .debug_info    0x0001a0e9     0x100c ./protocol/mpx_serial.o
 .debug_info    0x0001b0f5      0x9fa ./protocol/ppm_ic.o
 .debug_info    0x0001baef      0xd1d ./protocol/ppmout.o
 .debug_info    0x0001c80c     0x168e ./protocol/protocol.o
 .debug_info    0x0001de9a     0x1963 ./protocol/slt_nrf24l01.o
 .debug_info    0x0001f7fd     0x1b52 ./protocol/v202_nrf24l01.o
 .debug_info    0x0002134f     0x1afe ./protocol/wk2x01.o
 .debug_info    0x00022e4d     0x1e54 ./protocol/yd717_nrf24l01.o
 .debug_info    0x00024ca1      0xb57 ./main.o
 .debug_info    0x000257f8      0xfd9 ./misc.o
 .debug_info    0x000267d1     0x1f54 ./mixer.o
 .debug_info    0x00028725      0x547 ./music.o
 .debug_info    0x00028c6c     0x20ab ./telemetry.o
 .debug_info    0x0002ad17      0xfeb /home/sloped-soarer/eclipse_work/rfmodule/libopencm3/lib/libopencm3_stm32f1.a(rcc.o)
 .debug_info    0x0002bd02      0x1e6 /home/sloped-soarer/eclipse_work/rfmodule/libopencm3/lib/libopencm3_stm32f1.a(gpio.o)
 .debug_info    0x0002bee8      0x5b9 /home/sloped-soarer/eclipse_work/rfmodule/libopencm3/lib/libopencm3_stm32f1.a(usart.o)
 .debug_info    0x0002c4a1      0x8ca /home/sloped-soarer/eclipse_work/rfmodule/libopencm3/lib/libopencm3_stm32f1.a(spi.o)
 .debug_info    0x0002cd6b      0x357 /home/sloped-soarer/eclipse_work/rfmodule/libopencm3/lib/libopencm3_stm32f1.a(flash.o)
 .debug_info    0x0002d0c2      0x1c6 /home/sloped-soarer/eclipse_work/rfmodule/libopencm3/lib/libopencm3_stm32f1.a(exti.o)
 .debug_info    0x0002d288     0x117b /home/sloped-soarer/eclipse_work/rfmodule/libopencm3/lib/libopencm3_stm32f1.a(timer.o)
 .debug_info    0x0002e403      0x12a /home/sloped-soarer/eclipse_work/rfmodule/libopencm3/lib/libopencm3_stm32f1.a(desig.o)
 .debug_info    0x0002e52d      0x153 /home/sloped-soarer/eclipse_work/rfmodule/libopencm3/lib/libopencm3_stm32f1.a(iwdg.o)
 .debug_info    0x0002e680      0x231 /home/sloped-soarer/eclipse_work/rfmodule/libopencm3/lib/libopencm3_stm32f1.a(gpio_common_all.o)
 .debug_info    0x0002e8b1      0x229 /home/sloped-soarer/eclipse_work/rfmodule/libopencm3/lib/libopencm3_stm32f1.a(vector.o)
 .debug_info    0x0002eada      0x17a /home/sloped-soarer/eclipse_work/rfmodule/libopencm3/lib/libopencm3_stm32f1.a(systick.o)
 .debug_info    0x0002ec54       0xd0 /home/sloped-soarer/eclipse_work/rfmodule/libopencm3/lib/libopencm3_stm32f1.a(scb.o)
 .debug_info    0x0002ed24      0x230 /home/sloped-soarer/eclipse_work/rfmodule/libopencm3/lib/libopencm3_stm32f1.a(nvic.o)

.debug_abbrev   0x00000000     0x7c97
 .debug_abbrev  0x00000000      0x1f5 ./target/unimod/channels.o
 .debug_abbrev  0x000001f5      0x2b2 ./target/unimod/printf.o
 .debug_abbrev  0x000004a7      0x3fb ./target/unimod/unimod.o
 .debug_abbrev  0x000008a2      0x22c ./target/common/devo/protocol/pwm.o
 .debug_abbrev  0x00000ace      0x2c1 ./target/common/devo/clock.o
 .debug_abbrev  0x00000d8f      0x212 ./target/common/devo/ppmin.o
 .debug_abbrev  0x00000fa1      0x1f8 ./target/common/devo/tx_misc.o
 .debug_abbrev  0x00001199       0xdb ./target/common/devo/uart.o
 .debug_abbrev  0x00001274      0x253 ./protocol/spi/a7105.o
 .debug_abbrev  0x000014c7      0x26d ./protocol/spi/cc2500.o
 .debug_abbrev  0x00001734      0x376 ./protocol/spi/cyrf6936.o
 .debug_abbrev  0x00001aaa      0x2f3 ./protocol/spi/nrf24l01.o
 .debug_abbrev  0x00001d9d      0x432 ./protocol/devo_cyrf6936.o
 .debug_abbrev  0x000021cf      0x42a ./protocol/dsm2_cyrf6936.o
 .debug_abbrev  0x000025f9      0x2b8 ./protocol/fbl100_nrf24l01_rick.o
 .debug_abbrev  0x000028b1      0x303 ./protocol/flysky_a7105_rick.o
 .debug_abbrev  0x00002bb4      0x3ca ./protocol/frsky1way_cc2500_rick.o
 .debug_abbrev  0x00002f7e      0x3b6 ./protocol/frsky2way_cc2500_rick.o
 .debug_abbrev  0x00003334      0x35a ./protocol/h377_nrf24l01.o
 .debug_abbrev  0x0000368e      0x2de ./protocol/hisky_nrf24l01.o
 .debug_abbrev  0x0000396c      0x364 ./protocol/hm830_nrf24l01.o
 .debug_abbrev  0x00003cd0      0x3f3 ./protocol/hubsan_a7105.o
 .debug_abbrev  0x000040c3      0x2c0 ./protocol/j6pro_cyrf6936.o
 .debug_abbrev  0x00004383      0x2bf ./protocol/mpx_serial.o
 .debug_abbrev  0x00004642      0x1d6 ./protocol/ppm_ic.o
 .debug_abbrev  0x00004818      0x271 ./protocol/ppmout.o
 .debug_abbrev  0x00004a89      0x476 ./protocol/protocol.o
 .debug_abbrev  0x00004eff      0x39e ./protocol/slt_nrf24l01.o
 .debug_abbrev  0x0000529d      0x38d ./protocol/v202_nrf24l01.o
 .debug_abbrev  0x0000562a      0x3be ./protocol/wk2x01.o
 .debug_abbrev  0x000059e8      0x3c6 ./protocol/yd717_nrf24l01.o
 .debug_abbrev  0x00005dae      0x188 ./main.o
 .debug_abbrev  0x00005f36      0x391 ./misc.o
 .debug_abbrev  0x000062c7      0x50b ./mixer.o
 .debug_abbrev  0x000067d2      0x15c ./music.o
 .debug_abbrev  0x0000692e      0x428 ./telemetry.o
 .debug_abbrev  0x00006d56      0x26d /home/sloped-soarer/eclipse_work/rfmodule/libopencm3/lib/libopencm3_stm32f1.a(rcc.o)
 .debug_abbrev  0x00006fc3       0xc1 /home/sloped-soarer/eclipse_work/rfmodule/libopencm3/lib/libopencm3_stm32f1.a(gpio.o)
 .debug_abbrev  0x00007084      0x198 /home/sloped-soarer/eclipse_work/rfmodule/libopencm3/lib/libopencm3_stm32f1.a(usart.o)
 .debug_abbrev  0x0000721c      0x1dd /home/sloped-soarer/eclipse_work/rfmodule/libopencm3/lib/libopencm3_stm32f1.a(spi.o)
 .debug_abbrev  0x000073f9       0xd4 /home/sloped-soarer/eclipse_work/rfmodule/libopencm3/lib/libopencm3_stm32f1.a(flash.o)
 .debug_abbrev  0x000074cd       0xbb /home/sloped-soarer/eclipse_work/rfmodule/libopencm3/lib/libopencm3_stm32f1.a(exti.o)
 .debug_abbrev  0x00007588      0x1a2 /home/sloped-soarer/eclipse_work/rfmodule/libopencm3/lib/libopencm3_stm32f1.a(timer.o)
 .debug_abbrev  0x0000772a       0xae /home/sloped-soarer/eclipse_work/rfmodule/libopencm3/lib/libopencm3_stm32f1.a(desig.o)
 .debug_abbrev  0x000077d8       0xb9 /home/sloped-soarer/eclipse_work/rfmodule/libopencm3/lib/libopencm3_stm32f1.a(iwdg.o)
 .debug_abbrev  0x00007891      0x109 /home/sloped-soarer/eclipse_work/rfmodule/libopencm3/lib/libopencm3_stm32f1.a(gpio_common_all.o)
 .debug_abbrev  0x0000799a      0x12b /home/sloped-soarer/eclipse_work/rfmodule/libopencm3/lib/libopencm3_stm32f1.a(vector.o)
 .debug_abbrev  0x00007ac5       0x9f /home/sloped-soarer/eclipse_work/rfmodule/libopencm3/lib/libopencm3_stm32f1.a(systick.o)
 .debug_abbrev  0x00007b64       0x83 /home/sloped-soarer/eclipse_work/rfmodule/libopencm3/lib/libopencm3_stm32f1.a(scb.o)
 .debug_abbrev  0x00007be7       0xb0 /home/sloped-soarer/eclipse_work/rfmodule/libopencm3/lib/libopencm3_stm32f1.a(nvic.o)

.debug_loc      0x00000000     0xb9c8
 .debug_loc     0x00000000      0x20c ./target/unimod/channels.o
 .debug_loc     0x0000020c      0x635 ./target/unimod/printf.o
 .debug_loc     0x00000841      0x40f ./target/unimod/unimod.o
 .debug_loc     0x00000c50       0xdd ./target/common/devo/protocol/pwm.o
 .debug_loc     0x00000d2d      0x1ca ./target/common/devo/clock.o
 .debug_loc     0x00000ef7      0x13c ./target/common/devo/ppmin.o
 .debug_loc     0x00001033      0x1f7 ./target/common/devo/tx_misc.o
 .debug_loc     0x0000122a       0x20 ./target/common/devo/uart.o
 .debug_loc     0x0000124a      0x35f ./protocol/spi/a7105.o
 .debug_loc     0x000015a9      0x3ba ./protocol/spi/cc2500.o
 .debug_loc     0x00001963      0x60c ./protocol/spi/cyrf6936.o
 .debug_loc     0x00001f6f      0x596 ./protocol/spi/nrf24l01.o
 .debug_loc     0x00002505      0x6e5 ./protocol/devo_cyrf6936.o
 .debug_loc     0x00002bea      0x7c1 ./protocol/dsm2_cyrf6936.o
 .debug_loc     0x000033ab      0x3e5 ./protocol/fbl100_nrf24l01_rick.o
 .debug_loc     0x00003790      0x21c ./protocol/flysky_a7105_rick.o
 .debug_loc     0x000039ac      0x3b7 ./protocol/frsky1way_cc2500_rick.o
 .debug_loc     0x00003d63      0x238 ./protocol/frsky2way_cc2500_rick.o
 .debug_loc     0x00003f9b      0x2cc ./protocol/h377_nrf24l01.o
 .debug_loc     0x00004267      0x47d ./protocol/hisky_nrf24l01.o
 .debug_loc     0x000046e4      0x422 ./protocol/hm830_nrf24l01.o
 .debug_loc     0x00004b06      0x3be ./protocol/hubsan_a7105.o
 .debug_loc     0x00004ec4      0x22e ./protocol/j6pro_cyrf6936.o
 .debug_loc     0x000050f2      0x226 ./protocol/mpx_serial.o
 .debug_loc     0x00005318      0x12c ./protocol/ppm_ic.o
 .debug_loc     0x00005444      0x1a3 ./protocol/ppmout.o
 .debug_loc     0x000055e7      0x667 ./protocol/protocol.o
 .debug_loc     0x00005c4e      0x55a ./protocol/slt_nrf24l01.o
 .debug_loc     0x000061a8      0x551 ./protocol/v202_nrf24l01.o
 .debug_loc     0x000066f9      0x82a ./protocol/wk2x01.o
 .debug_loc     0x00006f23      0x3b1 ./protocol/yd717_nrf24l01.o
 .debug_loc     0x000072d4       0x60 ./main.o
 .debug_loc     0x00007334      0x5b3 ./misc.o
 .debug_loc     0x000078e7     0x136f ./mixer.o
 .debug_loc     0x00008c56       0x20 ./music.o
 .debug_loc     0x00008c76     0x16f0 ./telemetry.o
 .debug_loc     0x0000a366      0x3ed /home/sloped-soarer/eclipse_work/rfmodule/libopencm3/lib/libopencm3_stm32f1.a(rcc.o)
 .debug_loc     0x0000a753      0x12e /home/sloped-soarer/eclipse_work/rfmodule/libopencm3/lib/libopencm3_stm32f1.a(gpio.o)
 .debug_loc     0x0000a881      0x26c /home/sloped-soarer/eclipse_work/rfmodule/libopencm3/lib/libopencm3_stm32f1.a(usart.o)
 .debug_loc     0x0000aaed      0x1e6 /home/sloped-soarer/eclipse_work/rfmodule/libopencm3/lib/libopencm3_stm32f1.a(spi.o)
 .debug_loc     0x0000acd3      0x15d /home/sloped-soarer/eclipse_work/rfmodule/libopencm3/lib/libopencm3_stm32f1.a(flash.o)
 .debug_loc     0x0000ae30      0x1fc /home/sloped-soarer/eclipse_work/rfmodule/libopencm3/lib/libopencm3_stm32f1.a(exti.o)
 .debug_loc     0x0000b02c      0x58c /home/sloped-soarer/eclipse_work/rfmodule/libopencm3/lib/libopencm3_stm32f1.a(timer.o)
 .debug_loc     0x0000b5b8       0x3e /home/sloped-soarer/eclipse_work/rfmodule/libopencm3/lib/libopencm3_stm32f1.a(desig.o)
 .debug_loc     0x0000b5f6      0x11a /home/sloped-soarer/eclipse_work/rfmodule/libopencm3/lib/libopencm3_stm32f1.a(iwdg.o)
 .debug_loc     0x0000b710       0x84 /home/sloped-soarer/eclipse_work/rfmodule/libopencm3/lib/libopencm3_stm32f1.a(gpio_common_all.o)
 .debug_loc     0x0000b794       0x8f /home/sloped-soarer/eclipse_work/rfmodule/libopencm3/lib/libopencm3_stm32f1.a(vector.o)
 .debug_loc     0x0000b823       0x42 /home/sloped-soarer/eclipse_work/rfmodule/libopencm3/lib/libopencm3_stm32f1.a(systick.o)
 .debug_loc     0x0000b865       0x21 /home/sloped-soarer/eclipse_work/rfmodule/libopencm3/lib/libopencm3_stm32f1.a(scb.o)
 .debug_loc     0x0000b886      0x142 /home/sloped-soarer/eclipse_work/rfmodule/libopencm3/lib/libopencm3_stm32f1.a(nvic.o)

.debug_aranges  0x00000000     0x1668
 .debug_aranges
                0x00000000       0x30 ./target/unimod/channels.o
 .debug_aranges
                0x00000030       0x58 ./target/unimod/printf.o
 .debug_aranges
                0x00000088       0x88 ./target/unimod/unimod.o
 .debug_aranges
                0x00000110       0x38 ./target/common/devo/protocol/pwm.o
 .debug_aranges
                0x00000148       0x80 ./target/common/devo/clock.o
 .debug_aranges
                0x000001c8       0x40 ./target/common/devo/ppmin.o
 .debug_aranges
                0x00000208       0x38 ./target/common/devo/tx_misc.o
 .debug_aranges
                0x00000240       0x28 ./target/common/devo/uart.o
 .debug_aranges
                0x00000268       0x70 ./protocol/spi/a7105.o
 .debug_aranges
                0x000002d8       0x70 ./protocol/spi/cc2500.o
 .debug_aranges
                0x00000348       0xc8 ./protocol/spi/cyrf6936.o
 .debug_aranges
                0x00000410       0xb8 ./protocol/spi/nrf24l01.o
 .debug_aranges
                0x000004c8       0x60 ./protocol/devo_cyrf6936.o
 .debug_aranges
                0x00000528       0x50 ./protocol/dsm2_cyrf6936.o
 .debug_aranges
                0x00000578       0x48 ./protocol/fbl100_nrf24l01_rick.o
 .debug_aranges
                0x000005c0       0x38 ./protocol/flysky_a7105_rick.o
 .debug_aranges
                0x000005f8       0x50 ./protocol/frsky1way_cc2500_rick.o
 .debug_aranges
                0x00000648       0x48 ./protocol/frsky2way_cc2500_rick.o
 .debug_aranges
                0x00000690       0x30 ./protocol/h377_nrf24l01.o
 .debug_aranges
                0x000006c0       0x30 ./protocol/hisky_nrf24l01.o
 .debug_aranges
                0x000006f0       0x48 ./protocol/hm830_nrf24l01.o
 .debug_aranges
                0x00000738       0x38 ./protocol/hubsan_a7105.o
 .debug_aranges
                0x00000770       0x30 ./protocol/j6pro_cyrf6936.o
 .debug_aranges
                0x000007a0       0x50 ./protocol/mpx_serial.o
 .debug_aranges
                0x000007f0       0x30 ./protocol/ppm_ic.o
 .debug_aranges
                0x00000820       0x30 ./protocol/ppmout.o
 .debug_aranges
                0x00000850       0xc8 ./protocol/protocol.o
 .debug_aranges
                0x00000918       0x50 ./protocol/slt_nrf24l01.o
 .debug_aranges
                0x00000968       0x50 ./protocol/v202_nrf24l01.o
 .debug_aranges
                0x000009b8       0x58 ./protocol/wk2x01.o
 .debug_aranges
                0x00000a10       0x48 ./protocol/yd717_nrf24l01.o
 .debug_aranges
                0x00000a58       0x38 ./main.o
 .debug_aranges
                0x00000a90       0x70 ./misc.o
 .debug_aranges
                0x00000b00      0x108 ./mixer.o
 .debug_aranges
                0x00000c08       0x28 ./music.o
 .debug_aranges
                0x00000c30      0x118 ./telemetry.o
 .debug_aranges
                0x00000d48      0x140 /home/sloped-soarer/eclipse_work/rfmodule/libopencm3/lib/libopencm3_stm32f1.a(rcc.o)
 .debug_aranges
                0x00000e88       0x38 /home/sloped-soarer/eclipse_work/rfmodule/libopencm3/lib/libopencm3_stm32f1.a(gpio.o)
 .debug_aranges
                0x00000ec0       0xd8 /home/sloped-soarer/eclipse_work/rfmodule/libopencm3/lib/libopencm3_stm32f1.a(usart.o)
 .debug_aranges
                0x00000f98      0x180 /home/sloped-soarer/eclipse_work/rfmodule/libopencm3/lib/libopencm3_stm32f1.a(spi.o)
 .debug_aranges
                0x00001118       0xb8 /home/sloped-soarer/eclipse_work/rfmodule/libopencm3/lib/libopencm3_stm32f1.a(flash.o)
 .debug_aranges
                0x000011d0       0x40 /home/sloped-soarer/eclipse_work/rfmodule/libopencm3/lib/libopencm3_stm32f1.a(exti.o)
 .debug_aranges
                0x00001210      0x280 /home/sloped-soarer/eclipse_work/rfmodule/libopencm3/lib/libopencm3_stm32f1.a(timer.o)
 .debug_aranges
                0x00001490       0x28 /home/sloped-soarer/eclipse_work/rfmodule/libopencm3/lib/libopencm3_stm32f1.a(desig.o)
 .debug_aranges
                0x000014b8       0x40 /home/sloped-soarer/eclipse_work/rfmodule/libopencm3/lib/libopencm3_stm32f1.a(iwdg.o)
 .debug_aranges
                0x000014f8       0x50 /home/sloped-soarer/eclipse_work/rfmodule/libopencm3/lib/libopencm3_stm32f1.a(gpio_common_all.o)
 .debug_aranges
                0x00001548       0x30 /home/sloped-soarer/eclipse_work/rfmodule/libopencm3/lib/libopencm3_stm32f1.a(vector.o)
 .debug_aranges
                0x00001578       0x60 /home/sloped-soarer/eclipse_work/rfmodule/libopencm3/lib/libopencm3_stm32f1.a(systick.o)
 .debug_aranges
                0x000015d8       0x30 /home/sloped-soarer/eclipse_work/rfmodule/libopencm3/lib/libopencm3_stm32f1.a(scb.o)